../lib/hal/src/stm32f4xx_hal_usart.c:224:19:HAL_USART_Init	16	static
../lib/hal/src/stm32f4xx_hal_usart.c:268:19:HAL_USART_DeInit	16	static
../lib/hal/src/stm32f4xx_hal_usart.c:300:13:HAL_USART_MspInit	16	static
../lib/hal/src/stm32f4xx_hal_usart.c:312:13:HAL_USART_MspDeInit	16	static
../lib/hal/src/stm32f4xx_hal_usart.c:392:19:HAL_USART_Transmit	32	static
../lib/hal/src/stm32f4xx_hal_usart.c:458:19:HAL_USART_Receive	32	static
../lib/hal/src/stm32f4xx_hal_usart.c:550:19:HAL_USART_TransmitReceive	32	static
../lib/hal/src/stm32f4xx_hal_usart.c:647:19:HAL_USART_Transmit_IT	24	static
../lib/hal/src/stm32f4xx_hal_usart.c:692:19:HAL_USART_Receive_IT	24	static
../lib/hal/src/stm32f4xx_hal_usart.c:738:19:HAL_USART_TransmitReceive_IT	24	static
../lib/hal/src/stm32f4xx_hal_usart.c:786:19:HAL_USART_Transmit_DMA	32	static
../lib/hal/src/stm32f4xx_hal_usart.c:844:19:HAL_USART_Receive_DMA	32	static
../lib/hal/src/stm32f4xx_hal_usart.c:915:19:HAL_USART_TransmitReceive_DMA	32	static
../lib/hal/src/stm32f4xx_hal_usart.c:991:19:HAL_USART_DMAPause	16	static
../lib/hal/src/stm32f4xx_hal_usart.c:1010:19:HAL_USART_DMAResume	16	static
../lib/hal/src/stm32f4xx_hal_usart.c:1029:19:HAL_USART_DMAStop	16	static
../lib/hal/src/stm32f4xx_hal_usart.c:1060:6:HAL_USART_IRQHandler	40	static
../lib/hal/src/stm32f4xx_hal_usart.c:1138:13:HAL_USART_TxCpltCallback	16	static
../lib/hal/src/stm32f4xx_hal_usart.c:1150:13:HAL_USART_TxHalfCpltCallback	16	static
../lib/hal/src/stm32f4xx_hal_usart.c:1162:13:HAL_USART_RxCpltCallback	16	static
../lib/hal/src/stm32f4xx_hal_usart.c:1174:13:HAL_USART_RxHalfCpltCallback	16	static
../lib/hal/src/stm32f4xx_hal_usart.c:1186:13:HAL_USART_TxRxCpltCallback	16	static
../lib/hal/src/stm32f4xx_hal_usart.c:1198:13:HAL_USART_ErrorCallback	16	static
../lib/hal/src/stm32f4xx_hal_usart.c:1233:24:HAL_USART_GetState	16	static
../lib/hal/src/stm32f4xx_hal_usart.c:1243:10:HAL_USART_GetError	16	static
../lib/hal/src/stm32f4xx_hal_usart.c:1256:13:USART_DMATransmitCplt	24	static
../lib/hal/src/stm32f4xx_hal_usart.c:1285:13:USART_DMATxHalfCplt	24	static
../lib/hal/src/stm32f4xx_hal_usart.c:1297:13:USART_DMAReceiveCplt	24	static
../lib/hal/src/stm32f4xx_hal_usart.c:1340:13:USART_DMARxHalfCplt	24	static
../lib/hal/src/stm32f4xx_hal_usart.c:1352:13:USART_DMAError	24	static
../lib/hal/src/stm32f4xx_hal_usart.c:1373:26:USART_WaitOnFlagUntilTimeout	32	static
../lib/hal/src/stm32f4xx_hal_usart.c:1433:26:USART_Transmit_IT	24	static
../lib/hal/src/stm32f4xx_hal_usart.c:1469:26:USART_EndTransmit_IT	16	static
../lib/hal/src/stm32f4xx_hal_usart.c:1489:26:USART_Receive_IT	24	static
../lib/hal/src/stm32f4xx_hal_usart.c:1547:26:USART_TransmitReceive_IT	24	static
../lib/hal/src/stm32f4xx_hal_usart.c:1630:13:USART_SetConfig	32	static
