../lib/hal/src/stm32f4xx_hal_can.c:169:19:HAL_CAN_Init	24	static
../lib/hal/src/stm32f4xx_hal_can.c:324:19:HAL_CAN_ConfigFilter	24	static
../lib/hal/src/stm32f4xx_hal_can.c:418:19:HAL_CAN_DeInit	16	static
../lib/hal/src/stm32f4xx_hal_can.c:449:13:HAL_CAN_MspInit	16	static
../lib/hal/src/stm32f4xx_hal_can.c:461:13:HAL_CAN_MspDeInit	16	static
../lib/hal/src/stm32f4xx_hal_can.c:495:19:HAL_CAN_Transmit	24	static
../lib/hal/src/stm32f4xx_hal_can.c:609:19:HAL_CAN_Transmit_IT	24	static
../lib/hal/src/stm32f4xx_hal_can.c:717:19:HAL_CAN_Receive	32	static
../lib/hal/src/stm32f4xx_hal_can.c:823:19:HAL_CAN_Receive_IT	24	static
../lib/hal/src/stm32f4xx_hal_can.c:886:19:HAL_CAN_Sleep	24	static
../lib/hal/src/stm32f4xx_hal_can.c:938:19:HAL_CAN_WakeUp	24	static
../lib/hal/src/stm32f4xx_hal_can.c:986:6:HAL_CAN_IRQHandler	32	static
../lib/hal/src/stm32f4xx_hal_can.c:1103:13:HAL_CAN_TxCpltCallback	16	static
../lib/hal/src/stm32f4xx_hal_can.c:1115:13:HAL_CAN_RxCpltCallback	16	static
../lib/hal/src/stm32f4xx_hal_can.c:1127:13:HAL_CAN_ErrorCallback	16	static
../lib/hal/src/stm32f4xx_hal_can.c:1159:22:HAL_CAN_GetState	16	static
../lib/hal/src/stm32f4xx_hal_can.c:1170:10:HAL_CAN_GetError	16	static
../lib/hal/src/stm32f4xx_hal_can.c:1183:26:CAN_Transmit_IT	16	static
../lib/hal/src/stm32f4xx_hal_can.c:1226:26:CAN_Receive_IT	16	static
