../lib/hal/src/stm32f4xx_hal_spi.c:176:19:HAL_SPI_Init	16	static
../lib/hal/src/stm32f4xx_hal_spi.c:238:19:HAL_SPI_DeInit	16	static
../lib/hal/src/stm32f4xx_hal_spi.c:265:13:HAL_SPI_MspInit	16	static
../lib/hal/src/stm32f4xx_hal_spi.c:277:13:HAL_SPI_MspDeInit	16	static
../lib/hal/src/stm32f4xx_hal_spi.c:328:19:HAL_SPI_Transmit	32	static
../lib/hal/src/stm32f4xx_hal_spi.c:456:19:HAL_SPI_Receive	40	static
../lib/hal/src/stm32f4xx_hal_spi.c:617:19:HAL_SPI_TransmitReceive	40	static
../lib/hal/src/stm32f4xx_hal_spi.c:851:19:HAL_SPI_Transmit_IT	24	static
../lib/hal/src/stm32f4xx_hal_spi.c:917:19:HAL_SPI_Receive_IT	24	static
../lib/hal/src/stm32f4xx_hal_spi.c:989:19:HAL_SPI_TransmitReceive_IT	32	static
../lib/hal/src/stm32f4xx_hal_spi.c:1057:19:HAL_SPI_Transmit_DMA	24	static
../lib/hal/src/stm32f4xx_hal_spi.c:1134:19:HAL_SPI_Receive_DMA	24	static
../lib/hal/src/stm32f4xx_hal_spi.c:1216:19:HAL_SPI_TransmitReceive_DMA	32	static
../lib/hal/src/stm32f4xx_hal_spi.c:1321:19:HAL_SPI_DMAPause	16	static
../lib/hal/src/stm32f4xx_hal_spi.c:1341:19:HAL_SPI_DMAResume	16	static
../lib/hal/src/stm32f4xx_hal_spi.c:1361:19:HAL_SPI_DMAStop	16	static
../lib/hal/src/stm32f4xx_hal_spi.c:1392:6:HAL_SPI_IRQHandler	40	static
../lib/hal/src/stm32f4xx_hal_spi.c:1452:13:HAL_SPI_TxCpltCallback	16	static
../lib/hal/src/stm32f4xx_hal_spi.c:1464:13:HAL_SPI_RxCpltCallback	16	static
../lib/hal/src/stm32f4xx_hal_spi.c:1476:13:HAL_SPI_TxRxCpltCallback	16	static
../lib/hal/src/stm32f4xx_hal_spi.c:1488:13:HAL_SPI_TxHalfCpltCallback	16	static
../lib/hal/src/stm32f4xx_hal_spi.c:1500:13:HAL_SPI_RxHalfCpltCallback	16	static
../lib/hal/src/stm32f4xx_hal_spi.c:1512:13:HAL_SPI_TxRxHalfCpltCallback	16	static
../lib/hal/src/stm32f4xx_hal_spi.c:1524:13:HAL_SPI_ErrorCallback	16	static
../lib/hal/src/stm32f4xx_hal_spi.c:1557:22:HAL_SPI_GetState	16	static
../lib/hal/src/stm32f4xx_hal_spi.c:1567:10:HAL_SPI_GetError	16	static
../lib/hal/src/stm32f4xx_hal_spi.c:1581:13:SPI_TxCloseIRQHandler	24	static
../lib/hal/src/stm32f4xx_hal_spi.c:1633:13:SPI_TxISR	16	static
../lib/hal/src/stm32f4xx_hal_spi.c:1660:13:SPI_RxCloseIRQHandler	24	static
../lib/hal/src/stm32f4xx_hal_spi.c:1731:13:SPI_2LinesRxISR	16	static
../lib/hal/src/stm32f4xx_hal_spi.c:1754:13:SPI_RxISR	16	static
../lib/hal/src/stm32f4xx_hal_spi.c:1784:13:SPI_DMATransmitCplt	24	static
../lib/hal/src/stm32f4xx_hal_spi.c:1828:13:SPI_DMAReceiveCplt	24	static
../lib/hal/src/stm32f4xx_hal_spi.c:1899:13:SPI_DMAEndTransmitReceive	24	static
../lib/hal/src/stm32f4xx_hal_spi.c:1951:13:SPI_DMATransmitReceiveCplt	24	static
../lib/hal/src/stm32f4xx_hal_spi.c:1976:13:SPI_DMAHalfTransmitCplt	24	static
../lib/hal/src/stm32f4xx_hal_spi.c:1989:13:SPI_DMAHalfReceiveCplt	24	static
../lib/hal/src/stm32f4xx_hal_spi.c:2002:13:SPI_DMAHalfTransmitReceiveCplt	24	static
../lib/hal/src/stm32f4xx_hal_spi.c:2015:13:SPI_DMAError	24	static
../lib/hal/src/stm32f4xx_hal_spi.c:2034:26:SPI_WaitOnFlagUntilTimeout	32	static
