../lib/hal/src/stm32f4xx_hal_dcmi.c:145:26:HAL_DCMI_Init	16	static
../lib/hal/src/stm32f4xx_hal_dcmi.c:223:19:HAL_DCMI_DeInit	16	static
../lib/hal/src/stm32f4xx_hal_dcmi.c:245:13:HAL_DCMI_MspInit	16	static
../lib/hal/src/stm32f4xx_hal_dcmi.c:257:13:HAL_DCMI_MspDeInit	16	static
../lib/hal/src/stm32f4xx_hal_dcmi.c:292:19:HAL_DCMI_Start_DMA	40	static
../lib/hal/src/stm32f4xx_hal_dcmi.c:365:19:HAL_DCMI_Stop	24	static
../lib/hal/src/stm32f4xx_hal_dcmi.c:417:6:HAL_DCMI_IRQHandler	16	static
../lib/hal/src/stm32f4xx_hal_dcmi.c:521:13:HAL_DCMI_ErrorCallback	16	static
../lib/hal/src/stm32f4xx_hal_dcmi.c:533:13:HAL_DCMI_LineEventCallback	16	static
../lib/hal/src/stm32f4xx_hal_dcmi.c:545:13:HAL_DCMI_VsyncEventCallback	16	static
../lib/hal/src/stm32f4xx_hal_dcmi.c:557:13:HAL_DCMI_FrameEventCallback	16	static
../lib/hal/src/stm32f4xx_hal_dcmi.c:592:19:HAL_DCMI_ConfigCROP	24	static
../lib/hal/src/stm32f4xx_hal_dcmi.c:625:19:HAL_DCMI_DisableCROP	16	static
../lib/hal/src/stm32f4xx_hal_dcmi.c:650:19:HAL_DCMI_EnableCROP	16	static
../lib/hal/src/stm32f4xx_hal_dcmi.c:695:23:HAL_DCMI_GetState	16	static
../lib/hal/src/stm32f4xx_hal_dcmi.c:705:10:HAL_DCMI_GetError	16	static
../lib/hal/src/stm32f4xx_hal_dcmi.c:723:13:DCMI_DMAConvCplt	24	static
../lib/hal/src/stm32f4xx_hal_dcmi.c:773:13:DCMI_DMAError	24	static
