../lib/hal/src/stm32f4xx_hal_hcd.c:125:19:HAL_HCD_Init	72	static
../lib/hal/src/stm32f4xx_hal_hcd.c:180:19:HAL_HCD_HC_Init	48	static
../lib/hal/src/stm32f4xx_hal_hcd.c:209:19:HAL_HCD_HC_Halt	24	static
../lib/hal/src/stm32f4xx_hal_hcd.c:224:19:HAL_HCD_DeInit	16	static
../lib/hal/src/stm32f4xx_hal_hcd.c:247:13:HAL_HCD_MspInit	16	static
../lib/hal/src/stm32f4xx_hal_hcd.c:258:13:HAL_HCD_MspDeInit	16	static
../lib/hal/src/stm32f4xx_hal_hcd.c:306:19:HAL_HCD_HC_SubmitRequest	16	static
../lib/hal/src/stm32f4xx_hal_hcd.c:397:6:HAL_HCD_IRQHandler	32	static
../lib/hal/src/stm32f4xx_hal_hcd.c:484:13:HAL_HCD_SOF_Callback	16	static
../lib/hal/src/stm32f4xx_hal_hcd.c:495:13:HAL_HCD_Connect_Callback	16	static
../lib/hal/src/stm32f4xx_hal_hcd.c:506:13:HAL_HCD_Disconnect_Callback	16	static
../lib/hal/src/stm32f4xx_hal_hcd.c:527:13:HAL_HCD_HC_NotifyURBChange_Callback	16	static
../lib/hal/src/stm32f4xx_hal_hcd.c:558:19:HAL_HCD_Start	16	static
../lib/hal/src/stm32f4xx_hal_hcd.c:572:19:HAL_HCD_Stop	16	static
../lib/hal/src/stm32f4xx_hal_hcd.c:584:19:HAL_HCD_ResetPort	16	static
../lib/hal/src/stm32f4xx_hal_hcd.c:612:18:HAL_HCD_GetState	16	static
../lib/hal/src/stm32f4xx_hal_hcd.c:630:21:HAL_HCD_HC_GetURBState	16	static
../lib/hal/src/stm32f4xx_hal_hcd.c:642:10:HAL_HCD_HC_GetXferCount	16	static
../lib/hal/src/stm32f4xx_hal_hcd.c:663:20:HAL_HCD_HC_GetState	16	static
../lib/hal/src/stm32f4xx_hal_hcd.c:672:10:HAL_HCD_GetCurrentFrame	16	static
../lib/hal/src/stm32f4xx_hal_hcd.c:681:10:HAL_HCD_GetCurrentSpeed	16	static
../lib/hal/src/stm32f4xx_hal_hcd.c:702:13:HCD_HC_IN_IRQHandler	32	static
../lib/hal/src/stm32f4xx_hal_hcd.c:815:13:HCD_HC_OUT_IRQHandler	32	static
../lib/hal/src/stm32f4xx_hal_hcd.c:932:13:HCD_RXQLVL_IRQHandler	40	static
../lib/hal/src/stm32f4xx_hal_hcd.c:979:13:HCD_Port_IRQHandler	32	static
