../lib/hal/src/stm32f4xx_hal_flash.c:175:19:HAL_FLASH_Program	32	static
../lib/hal/src/stm32f4xx_hal_flash.c:225:19:HAL_FLASH_Program_IT	32	static
../lib/hal/src/stm32f4xx_hal_flash.c:270:6:HAL_FLASH_IRQHandler	16	static
../lib/hal/src/stm32f4xx_hal_flash.c:383:13:HAL_FLASH_EndOfOperationCallback	16	static
../lib/hal/src/stm32f4xx_hal_flash.c:397:13:HAL_FLASH_OperationErrorCallback	16	static
../lib/hal/src/stm32f4xx_hal_flash.c:426:19:HAL_FLASH_Unlock	4	static
../lib/hal/src/stm32f4xx_hal_flash.c:442:19:HAL_FLASH_Lock	4	static
../lib/hal/src/stm32f4xx_hal_flash.c:453:19:HAL_FLASH_OB_Unlock	4	static
../lib/hal/src/stm32f4xx_hal_flash.c:469:19:HAL_FLASH_OB_Lock	4	static
../lib/hal/src/stm32f4xx_hal_flash.c:480:19:HAL_FLASH_OB_Launch	8	static
../lib/hal/src/stm32f4xx_hal_flash.c:516:10:HAL_FLASH_GetError	4	static
../lib/hal/src/stm32f4xx_hal_flash.c:529:19:FLASH_WaitForLastOperation	24	static
../lib/hal/src/stm32f4xx_hal_flash.c:574:13:FLASH_Program_DoubleWord	24	static
../lib/hal/src/stm32f4xx_hal_flash.c:598:13:FLASH_Program_Word	16	static
../lib/hal/src/stm32f4xx_hal_flash.c:622:13:FLASH_Program_HalfWord	16	static
../lib/hal/src/stm32f4xx_hal_flash.c:646:13:FLASH_Program_Byte	16	static
../lib/hal/src/stm32f4xx_hal_flash.c:662:13:FLASH_SetErrorCode	4	static
