../lib/bsp/stmpe811/stmpe811.c:78:9:IOE_Config	8	static
../lib/bsp/stmpe811/stmpe811.c:121:9:IOE_ITConfig	16	static
../lib/bsp/stmpe811/stmpe811.c:150:11:IOE_TS_GetState	16	static
../lib/bsp/stmpe811/stmpe811.c:206:12:IOE_GetGITStatus	24	static
../lib/bsp/stmpe811/stmpe811.c:235:9:IOE_ClearGITPending	16	static
../lib/bsp/stmpe811/stmpe811.c:251:12:IOE_GetIOITStatus	24	static
../lib/bsp/stmpe811/stmpe811.c:271:9:IOE_IsOperational	16	static
../lib/bsp/stmpe811/stmpe811.c:292:9:IOE_Reset	16	static
../lib/bsp/stmpe811/stmpe811.c:310:10:IOE_ReadID	24	static
../lib/bsp/stmpe811/stmpe811.c:336:9:IOE_FnctCmd	24	static
../lib/bsp/stmpe811/stmpe811.c:365:9:IOE_IOPinConfig	24	static
../lib/bsp/stmpe811/stmpe811.c:391:9:IOE_GITCmd	24	static
../lib/bsp/stmpe811/stmpe811.c:427:9:IOE_GITConfig	24	static
../lib/bsp/stmpe811/stmpe811.c:458:9:IOE_IOITConfig	24	static
../lib/bsp/stmpe811/stmpe811.c:484:9:IOE_TS_Config	16	static
../lib/bsp/stmpe811/stmpe811.c:556:9:IOE_IOAFConfig	24	static
../lib/bsp/stmpe811/stmpe811.c:588:9:IOE_IOEdgeConfig	24	static
../lib/bsp/stmpe811/stmpe811.c:628:9:IOE_ITOutConfig	24	static
../lib/bsp/stmpe811/stmpe811.c:655:9:I2C_WriteDeviceRegister	24	static
../lib/bsp/stmpe811/stmpe811.c:731:9:I2C_ReadDeviceRegister	24	static
../lib/bsp/stmpe811/stmpe811.c:773:10:I2C_ReadDataBuffer	16	static
../lib/bsp/stmpe811/stmpe811.c:788:10:IOE_TS_Read_X	8	static
../lib/bsp/stmpe811/stmpe811.c:797:10:IOE_TS_Read_Y	8	static
../lib/bsp/stmpe811/stmpe811.c:806:10:IOE_TS_Read_Z	8	static
../lib/bsp/stmpe811/stmpe811.c:810:9:IOE_TimeoutUserCallback	8	static
../lib/bsp/stmpe811/stmpe811.c:819:6:Check_I2C_Bus_not_busy	24	static
../lib/bsp/stmpe811/stmpe811.c:860:13:IOE_GPIO_Config	32	static
../lib/bsp/stmpe811/stmpe811.c:886:13:IOE_I2C_Config	8	static
../lib/bsp/stmpe811/stmpe811.c:912:13:IOE_DMA_Config	24	static
../lib/bsp/stmpe811/stmpe811.c:968:13:IOE_EXTI_Config	4	static
../lib/bsp/stmpe811/stmpe811.c:1003:10:IOE_Get_Temp	32	static
../lib/bsp/stmpe811/stmpe811.c:1014:6:IOE_Temp_Config	8	static
../lib/bsp/stmpe811/stmpe811.c:1026:13:delay	24	static
