../lib/hal/src/stm32f4xx_hal.c:167:19:HAL_Init	8	static
../lib/hal/src/stm32f4xx_hal.c:199:19:HAL_DeInit	8	static
../lib/hal/src/stm32f4xx_hal.c:227:13:HAL_MspInit	4	static
../lib/hal/src/stm32f4xx_hal.c:237:13:HAL_MspDeInit	4	static
../lib/hal/src/stm32f4xx_hal.c:259:26:HAL_InitTick	16	static
../lib/hal/src/stm32f4xx_hal.c:306:13:HAL_IncTick	4	static
../lib/hal/src/stm32f4xx_hal.c:316:17:HAL_GetTick	4	static
../lib/hal/src/stm32f4xx_hal.c:331:13:HAL_Delay	24	static
../lib/hal/src/stm32f4xx_hal.c:348:13:HAL_SuspendTick	4	static
../lib/hal/src/stm32f4xx_hal.c:363:13:HAL_ResumeTick	4	static
../lib/hal/src/stm32f4xx_hal.c:372:10:HAL_GetHalVersion	4	static
../lib/hal/src/stm32f4xx_hal.c:380:10:HAL_GetREVID	4	static
../lib/hal/src/stm32f4xx_hal.c:388:10:HAL_GetDEVID	4	static
../lib/hal/src/stm32f4xx_hal.c:396:6:HAL_DBGMCU_EnableDBGSleepMode	4	static
../lib/hal/src/stm32f4xx_hal.c:404:6:HAL_DBGMCU_DisableDBGSleepMode	4	static
../lib/hal/src/stm32f4xx_hal.c:412:6:HAL_DBGMCU_EnableDBGStopMode	4	static
../lib/hal/src/stm32f4xx_hal.c:420:6:HAL_DBGMCU_DisableDBGStopMode	4	static
../lib/hal/src/stm32f4xx_hal.c:428:6:HAL_DBGMCU_EnableDBGStandbyMode	4	static
../lib/hal/src/stm32f4xx_hal.c:436:6:HAL_DBGMCU_DisableDBGStandbyMode	4	static
../lib/hal/src/stm32f4xx_hal.c:446:6:HAL_EnableCompensationCell	24	static,ignoring_inline_asm
../lib/hal/src/stm32f4xx_hal.c:456:6:HAL_DisableCompensationCell	24	static,ignoring_inline_asm
