../lib/hal/src/stm32f4xx_hal_rtc.c:203:19:HAL_RTC_Init	16	static
../lib/hal/src/stm32f4xx_hal_rtc.c:274:19:HAL_RTC_DeInit	24	static
../lib/hal/src/stm32f4xx_hal_rtc.c:366:13:HAL_RTC_MspInit	16	static
../lib/hal/src/stm32f4xx_hal_rtc.c:378:13:HAL_RTC_MspDeInit	16	static
../lib/hal/src/stm32f4xx_hal_rtc.c:413:19:HAL_RTC_SetTime	40	static
../lib/hal/src/stm32f4xx_hal_rtc.c:528:19:HAL_RTC_GetTime	32	static
../lib/hal/src/stm32f4xx_hal_rtc.c:569:19:HAL_RTC_SetDate	40	static
../lib/hal/src/stm32f4xx_hal_rtc.c:672:19:HAL_RTC_GetDate	32	static
../lib/hal/src/stm32f4xx_hal_rtc.c:726:19:HAL_RTC_SetAlarm	48	static
../lib/hal/src/stm32f4xx_hal_rtc.c:894:19:HAL_RTC_SetAlarm_IT	48	static
../lib/hal/src/stm32f4xx_hal_rtc.c:1066:19:HAL_RTC_DeactivateAlarm	24	static
../lib/hal/src/stm32f4xx_hal_rtc.c:1156:19:HAL_RTC_GetAlarm	32	static
../lib/hal/src/stm32f4xx_hal_rtc.c:1209:6:HAL_RTC_AlarmIRQHandler	16	static
../lib/hal/src/stm32f4xx_hal_rtc.c:1245:13:HAL_RTC_AlarmAEventCallback	16	static
../lib/hal/src/stm32f4xx_hal_rtc.c:1258:19:HAL_RTC_PollForAlarmAEvent	24	static
../lib/hal/src/stm32f4xx_hal_rtc.c:1317:19:HAL_RTC_WaitForSynchro	24	static
../lib/hal/src/stm32f4xx_hal_rtc.c:1360:21:HAL_RTC_GetState	16	static
../lib/hal/src/stm32f4xx_hal_rtc.c:1376:19:RTC_EnterInitMode	24	static
../lib/hal/src/stm32f4xx_hal_rtc.c:1403:9:RTC_ByteToBcd2	24	static
../lib/hal/src/stm32f4xx_hal_rtc.c:1419:9:RTC_Bcd2ToByte	24	static
