../lib/hal/inc/core_cm4.h:1423:23:NVIC_SetPriorityGrouping	24	static
../lib/hal/inc/core_cm4.h:1440:27:NVIC_GetPriorityGrouping	4	static
../lib/hal/inc/core_cm4.h:1450:23:NVIC_EnableIRQ	16	static
../lib/hal/inc/core_cm4.h:1462:23:NVIC_DisableIRQ	16	static
../lib/hal/inc/core_cm4.h:1477:27:NVIC_GetPendingIRQ	16	static
../lib/hal/inc/core_cm4.h:1489:23:NVIC_SetPendingIRQ	16	static
../lib/hal/inc/core_cm4.h:1500:23:NVIC_ClearPendingIRQ	16	static
../lib/hal/inc/core_cm4.h:1514:27:NVIC_GetActive	16	static
../lib/hal/inc/core_cm4.h:1529:23:NVIC_SetPriority	16	static
../lib/hal/inc/core_cm4.h:1551:27:NVIC_GetPriority	16	static
../lib/hal/inc/core_cm4.h:1575:27:NVIC_EncodePriority	40	static
../lib/hal/inc/core_cm4.h:1605:23:NVIC_DecodePriority	40	static
../lib/hal/inc/core_cm4.h:1628:23:NVIC_SystemReset	4	static,ignoring_inline_asm
../lib/hal/inc/core_cm4.h:1665:27:SysTick_Config	16	static
../lib/hal/src/stm32f4xx_hal_cortex.c:159:6:HAL_NVIC_SetPriorityGrouping	16	static
../lib/hal/src/stm32f4xx_hal_cortex.c:180:6:HAL_NVIC_SetPriority	32	static
../lib/hal/src/stm32f4xx_hal_cortex.c:203:6:HAL_NVIC_EnableIRQ	16	static
../lib/hal/src/stm32f4xx_hal_cortex.c:218:6:HAL_NVIC_DisableIRQ	16	static
../lib/hal/src/stm32f4xx_hal_cortex.c:230:6:HAL_NVIC_SystemReset	8	static
../lib/hal/src/stm32f4xx_hal_cortex.c:242:10:HAL_SYSTICK_Config	16	static
../lib/hal/src/stm32f4xx_hal_cortex.c:269:10:HAL_NVIC_GetPriorityGrouping	8	static
../lib/hal/src/stm32f4xx_hal_cortex.c:295:6:HAL_NVIC_GetPriority	24	static
../lib/hal/src/stm32f4xx_hal_cortex.c:311:6:HAL_NVIC_SetPendingIRQ	16	static
../lib/hal/src/stm32f4xx_hal_cortex.c:328:10:HAL_NVIC_GetPendingIRQ	16	static
../lib/hal/src/stm32f4xx_hal_cortex.c:343:6:HAL_NVIC_ClearPendingIRQ	16	static
../lib/hal/src/stm32f4xx_hal_cortex.c:359:10:HAL_NVIC_GetActive	16	static
../lib/hal/src/stm32f4xx_hal_cortex.c:375:6:HAL_SYSTICK_CLKSourceConfig	16	static
../lib/hal/src/stm32f4xx_hal_cortex.c:389:6:HAL_SYSTICK_IRQHandler	8	static
../lib/hal/src/stm32f4xx_hal_cortex.c:397:13:HAL_SYSTICK_Callback	4	static
