../lib/hal/src/stm32f4xx_hal_nand.c:151:19:HAL_NAND_Init	24	static
../lib/hal/src/stm32f4xx_hal_nand.c:192:19:HAL_NAND_DeInit	16	static
../lib/hal/src/stm32f4xx_hal_nand.c:214:13:HAL_NAND_MspInit	16	static
../lib/hal/src/stm32f4xx_hal_nand.c:226:13:HAL_NAND_MspDeInit	16	static
../lib/hal/src/stm32f4xx_hal_nand.c:238:6:HAL_NAND_IRQHandler	16	static
../lib/hal/src/stm32f4xx_hal_nand.c:283:13:HAL_NAND_ITCallback	16	static
../lib/hal/src/stm32f4xx_hal_nand.c:315:19:HAL_NAND_Read_ID	24	static
../lib/hal/src/stm32f4xx_hal_nand.c:366:19:HAL_NAND_Reset	24	static
../lib/hal/src/stm32f4xx_hal_nand.c:409:19:HAL_NAND_Read_Page	56	static
../lib/hal/src/stm32f4xx_hal_nand.c:503:19:HAL_NAND_Write_Page	64	static
../lib/hal/src/stm32f4xx_hal_nand.c:611:19:HAL_NAND_Read_SpareArea	56	static
../lib/hal/src/stm32f4xx_hal_nand.c:706:19:HAL_NAND_Write_SpareArea	64	static
../lib/hal/src/stm32f4xx_hal_nand.c:812:19:HAL_NAND_Erase_Block	24	static
../lib/hal/src/stm32f4xx_hal_nand.c:881:10:HAL_NAND_Read_Status	24	static
../lib/hal/src/stm32f4xx_hal_nand.c:917:10:HAL_NAND_Address_Inc	24	static
../lib/hal/src/stm32f4xx_hal_nand.c:967:19:HAL_NAND_ECC_Enable	16	static
../lib/hal/src/stm32f4xx_hal_nand.c:991:19:HAL_NAND_ECC_Disable	16	static
../lib/hal/src/stm32f4xx_hal_nand.c:1017:19:HAL_NAND_GetECC	32	static
../lib/hal/src/stm32f4xx_hal_nand.c:1064:23:HAL_NAND_GetState	16	static
