../lib/hal/src/stm32f4xx_hal_irda.c:214:19:HAL_IRDA_Init	16	static
../lib/hal/src/stm32f4xx_hal_irda.c:272:19:HAL_IRDA_DeInit	16	static
../lib/hal/src/stm32f4xx_hal_irda.c:305:13:HAL_IRDA_MspInit	16	static
../lib/hal/src/stm32f4xx_hal_irda.c:317:13:HAL_IRDA_MspDeInit	16	static
../lib/hal/src/stm32f4xx_hal_irda.c:386:19:HAL_IRDA_Transmit	32	static
../lib/hal/src/stm32f4xx_hal_irda.c:461:19:HAL_IRDA_Receive	32	static
../lib/hal/src/stm32f4xx_hal_irda.c:536:19:HAL_IRDA_Transmit_IT	32	static
../lib/hal/src/stm32f4xx_hal_irda.c:581:19:HAL_IRDA_Receive_IT	32	static
../lib/hal/src/stm32f4xx_hal_irda.c:630:19:HAL_IRDA_Transmit_DMA	32	static
../lib/hal/src/stm32f4xx_hal_irda.c:694:19:HAL_IRDA_Receive_DMA	32	static
../lib/hal/src/stm32f4xx_hal_irda.c:750:19:HAL_IRDA_DMAPause	16	static
../lib/hal/src/stm32f4xx_hal_irda.c:783:19:HAL_IRDA_DMAResume	24	static
../lib/hal/src/stm32f4xx_hal_irda.c:820:19:HAL_IRDA_DMAStop	16	static
../lib/hal/src/stm32f4xx_hal_irda.c:851:6:HAL_IRDA_IRQHandler	40	static
../lib/hal/src/stm32f4xx_hal_irda.c:921:13:HAL_IRDA_TxCpltCallback	16	static
../lib/hal/src/stm32f4xx_hal_irda.c:933:13:HAL_IRDA_TxHalfCpltCallback	16	static
../lib/hal/src/stm32f4xx_hal_irda.c:945:13:HAL_IRDA_RxCpltCallback	16	static
../lib/hal/src/stm32f4xx_hal_irda.c:957:13:HAL_IRDA_RxHalfCpltCallback	16	static
../lib/hal/src/stm32f4xx_hal_irda.c:969:13:HAL_IRDA_ErrorCallback	16	static
../lib/hal/src/stm32f4xx_hal_irda.c:1002:23:HAL_IRDA_GetState	16	static
../lib/hal/src/stm32f4xx_hal_irda.c:1012:10:HAL_IRDA_GetError	16	static
../lib/hal/src/stm32f4xx_hal_irda.c:1025:13:IRDA_DMATransmitCplt	24	static
../lib/hal/src/stm32f4xx_hal_irda.c:1051:13:IRDA_DMATransmitHalfCplt	24	static
../lib/hal/src/stm32f4xx_hal_irda.c:1063:13:IRDA_DMAReceiveCplt	24	static
../lib/hal/src/stm32f4xx_hal_irda.c:1090:13:IRDA_DMAReceiveHalfCplt	24	static
../lib/hal/src/stm32f4xx_hal_irda.c:1102:13:IRDA_DMAError	24	static
../lib/hal/src/stm32f4xx_hal_irda.c:1123:26:IRDA_WaitOnFlagUntilTimeout	32	static
../lib/hal/src/stm32f4xx_hal_irda.c:1181:26:IRDA_Transmit_IT	24	static
../lib/hal/src/stm32f4xx_hal_irda.c:1221:26:IRDA_EndTransmit_IT	16	static
../lib/hal/src/stm32f4xx_hal_irda.c:1246:26:IRDA_Receive_IT	24	static
../lib/hal/src/stm32f4xx_hal_irda.c:1303:13:IRDA_SetConfig	32	static
