../lib/hal/src/stm32f4xx_hal_pccard.c:143:19:HAL_PCCARD_Init	24	static
../lib/hal/src/stm32f4xx_hal_pccard.c:190:19:HAL_PCCARD_DeInit	16	static
../lib/hal/src/stm32f4xx_hal_pccard.c:212:13:HAL_PCCARD_MspInit	16	static
../lib/hal/src/stm32f4xx_hal_pccard.c:224:13:HAL_PCCARD_MspDeInit	16	static
../lib/hal/src/stm32f4xx_hal_pccard.c:257:19:HAL_PCCARD_Read_ID	40	static
../lib/hal/src/stm32f4xx_hal_pccard.c:316:19:HAL_PCCARD_Read_Sector	40	static
../lib/hal/src/stm32f4xx_hal_pccard.c:390:19:HAL_PCCARD_Write_Sector	40	static
../lib/hal/src/stm32f4xx_hal_pccard.c:461:19:HAL_PCCARD_Erase_Sector	32	static
../lib/hal/src/stm32f4xx_hal_pccard.c:519:19:HAL_PCCARD_Reset	16	static
../lib/hal/src/stm32f4xx_hal_pccard.c:556:6:HAL_PCCARD_IRQHandler	16	static
../lib/hal/src/stm32f4xx_hal_pccard.c:600:13:HAL_PCCARD_ITCallback	16	static
../lib/hal/src/stm32f4xx_hal_pccard.c:631:25:HAL_PCCARD_GetState	16	static
../lib/hal/src/stm32f4xx_hal_pccard.c:644:26:HAL_PCCARD_GetStatus	24	static
../lib/hal/src/stm32f4xx_hal_pccard.c:678:26:HAL_PCCARD_ReadStatus	24	static
