../lib/hal/src/stm32f4xx_hal_rtc_ex.c:157:19:HAL_RTCEx_SetTimeStamp	32	static
../lib/hal/src/stm32f4xx_hal_rtc_ex.c:218:19:HAL_RTCEx_SetTimeStamp_IT	32	static
../lib/hal/src/stm32f4xx_hal_rtc_ex.c:273:19:HAL_RTCEx_DeactivateTimeStamp	24	static
../lib/hal/src/stm32f4xx_hal_rtc_ex.c:317:19:HAL_RTCEx_GetTimeStamp	32	static
../lib/hal/src/stm32f4xx_hal_rtc_ex.c:372:19:HAL_RTCEx_SetTamper	24	static
../lib/hal/src/stm32f4xx_hal_rtc_ex.c:431:19:HAL_RTCEx_SetTamper_IT	24	static
../lib/hal/src/stm32f4xx_hal_rtc_ex.c:499:19:HAL_RTCEx_DeactivateTamper	16	static
../lib/hal/src/stm32f4xx_hal_rtc_ex.c:525:6:HAL_RTCEx_TamperTimeStampIRQHandler	16	static
../lib/hal/src/stm32f4xx_hal_rtc_ex.c:574:13:HAL_RTCEx_TimeStampEventCallback	16	static
../lib/hal/src/stm32f4xx_hal_rtc_ex.c:586:13:HAL_RTCEx_Tamper1EventCallback	16	static
../lib/hal/src/stm32f4xx_hal_rtc_ex.c:598:13:HAL_RTCEx_Tamper2EventCallback	16	static
../lib/hal/src/stm32f4xx_hal_rtc_ex.c:611:19:HAL_RTCEx_PollForTimeStampEvent	24	static
../lib/hal/src/stm32f4xx_hal_rtc_ex.c:650:19:HAL_RTCEx_PollForTamper1Event	24	static
../lib/hal/src/stm32f4xx_hal_rtc_ex.c:683:19:HAL_RTCEx_PollForTamper2Event	24	static
../lib/hal/src/stm32f4xx_hal_rtc_ex.c:735:19:HAL_RTCEx_SetWakeUpTimer	32	static
../lib/hal/src/stm32f4xx_hal_rtc_ex.c:802:19:HAL_RTCEx_SetWakeUpTimer_IT	32	static
../lib/hal/src/stm32f4xx_hal_rtc_ex.c:875:10:HAL_RTCEx_DeactivateWakeUpTimer	24	static
../lib/hal/src/stm32f4xx_hal_rtc_ex.c:927:10:HAL_RTCEx_GetWakeUpTimer	16	static
../lib/hal/src/stm32f4xx_hal_rtc_ex.c:938:6:HAL_RTCEx_WakeUpTimerIRQHandler	16	static
../lib/hal/src/stm32f4xx_hal_rtc_ex.c:963:13:HAL_RTCEx_WakeUpTimerEventCallback	16	static
../lib/hal/src/stm32f4xx_hal_rtc_ex.c:976:19:HAL_RTCEx_PollForWakeUpTimerEvent	24	static
../lib/hal/src/stm32f4xx_hal_rtc_ex.c:1042:6:HAL_RTCEx_BKUPWrite	32	static
../lib/hal/src/stm32f4xx_hal_rtc_ex.c:1065:10:HAL_RTCEx_BKUPRead	24	static
../lib/hal/src/stm32f4xx_hal_rtc_ex.c:1095:19:HAL_RTCEx_SetCoarseCalib	24	static
../lib/hal/src/stm32f4xx_hal_rtc_ex.c:1150:19:HAL_RTCEx_DeactivateCoarseCalib	16	static
../lib/hal/src/stm32f4xx_hal_rtc_ex.c:1211:19:HAL_RTCEx_SetSmoothCalib	32	static
../lib/hal/src/stm32f4xx_hal_rtc_ex.c:1281:19:HAL_RTCEx_SetSynchroShift	32	static
../lib/hal/src/stm32f4xx_hal_rtc_ex.c:1370:19:HAL_RTCEx_SetCalibrationOutPut	16	static
../lib/hal/src/stm32f4xx_hal_rtc_ex.c:1409:19:HAL_RTCEx_DeactivateCalibrationOutPut	16	static
../lib/hal/src/stm32f4xx_hal_rtc_ex.c:1438:19:HAL_RTCEx_SetRefClock	16	static
../lib/hal/src/stm32f4xx_hal_rtc_ex.c:1484:19:HAL_RTCEx_DeactivateRefClock	16	static
../lib/hal/src/stm32f4xx_hal_rtc_ex.c:1532:19:HAL_RTCEx_EnableBypassShadow	16	static
../lib/hal/src/stm32f4xx_hal_rtc_ex.c:1564:19:HAL_RTCEx_DisableBypassShadow	16	static
../lib/hal/src/stm32f4xx_hal_rtc_ex.c:1613:13:HAL_RTCEx_AlarmBEventCallback	16	static
../lib/hal/src/stm32f4xx_hal_rtc_ex.c:1626:19:HAL_RTCEx_PollForAlarmBEvent	24	static
