../lib/hal/src/stm32f4xx_hal_rcc.c:238:6:HAL_RCC_DeInit	4	static
../lib/hal/src/stm32f4xx_hal_rcc.c:267:6:RCC_SetHSEFreq	16	static
../lib/hal/src/stm32f4xx_hal_rcc.c:279:26:HAL_RCC_OscConfig	104	static,ignoring_inline_asm
../lib/hal/src/stm32f4xx_hal_rcc.c:582:19:HAL_RCC_ClockConfig	24	static
../lib/hal/src/stm32f4xx_hal_rcc.c:831:6:HAL_RCC_MCOConfig	56	static
../lib/hal/src/stm32f4xx_hal_rcc.c:884:6:HAL_RCC_EnableCSS	4	static
../lib/hal/src/stm32f4xx_hal_rcc.c:892:6:HAL_RCC_DisableCSS	4	static
../lib/hal/src/stm32f4xx_hal_rcc.c:926:17:HAL_RCC_GetSysClockFreq	72	static,ignoring_inline_asm
../lib/hal/src/stm32f4xx_hal_rcc.c:981:10:HAL_RCC_GetHCLKFreq	24	static,ignoring_inline_asm
../lib/hal/src/stm32f4xx_hal_rcc.c:994:10:HAL_RCC_GetPCLK1Freq	24	static,ignoring_inline_asm
../lib/hal/src/stm32f4xx_hal_rcc.c:1007:10:HAL_RCC_GetPCLK2Freq	24	static,ignoring_inline_asm
../lib/hal/src/stm32f4xx_hal_rcc.c:1021:13:HAL_RCC_GetOscConfig	80	static,ignoring_inline_asm
../lib/hal/src/stm32f4xx_hal_rcc.c:1088:6:HAL_RCC_GetClockConfig	16	static
../lib/hal/src/stm32f4xx_hal_rcc.c:1116:6:HAL_RCC_NMI_IRQHandler	8	static
../lib/hal/src/stm32f4xx_hal_rcc.c:1131:13:HAL_RCC_CSSCallback	4	static
