../lib/hal/src/stm32f4xx_hal_pcd.c:136:19:HAL_PCD_Init	80	static
../lib/hal/src/stm32f4xx_hal_pcd.c:209:19:HAL_PCD_DeInit	16	static
../lib/hal/src/stm32f4xx_hal_pcd.c:233:13:HAL_PCD_MspInit	16	static
../lib/hal/src/stm32f4xx_hal_pcd.c:244:13:HAL_PCD_MspDeInit	16	static
../lib/hal/src/stm32f4xx_hal_pcd.c:274:19:HAL_PCD_Start	16	static
../lib/hal/src/stm32f4xx_hal_pcd.c:287:19:HAL_PCD_Stop	16	static
../lib/hal/src/stm32f4xx_hal_pcd.c:301:6:HAL_PCD_IRQHandler	48	static
../lib/hal/src/stm32f4xx_hal_pcd.c:592:13:HAL_PCD_DataOutStageCallback	16	static
../lib/hal/src/stm32f4xx_hal_pcd.c:604:13:HAL_PCD_DataInStageCallback	16	static
../lib/hal/src/stm32f4xx_hal_pcd.c:614:13:HAL_PCD_SetupStageCallback	16	static
../lib/hal/src/stm32f4xx_hal_pcd.c:625:13:HAL_PCD_SOFCallback	16	static
../lib/hal/src/stm32f4xx_hal_pcd.c:636:13:HAL_PCD_ResetCallback	16	static
../lib/hal/src/stm32f4xx_hal_pcd.c:647:13:HAL_PCD_SuspendCallback	16	static
../lib/hal/src/stm32f4xx_hal_pcd.c:658:13:HAL_PCD_ResumeCallback	16	static
../lib/hal/src/stm32f4xx_hal_pcd.c:670:13:HAL_PCD_ISOOUTIncompleteCallback	16	static
../lib/hal/src/stm32f4xx_hal_pcd.c:683:13:HAL_PCD_ISOINIncompleteCallback	16	static
../lib/hal/src/stm32f4xx_hal_pcd.c:695:13:HAL_PCD_ConnectCallback	16	static
../lib/hal/src/stm32f4xx_hal_pcd.c:706:13:HAL_PCD_DisconnectCallback	16	static
../lib/hal/src/stm32f4xx_hal_pcd.c:736:19:HAL_PCD_DevConnect	16	static
../lib/hal/src/stm32f4xx_hal_pcd.c:748:19:HAL_PCD_DevDisconnect	16	static
../lib/hal/src/stm32f4xx_hal_pcd.c:761:19:HAL_PCD_SetAddress	16	static
../lib/hal/src/stm32f4xx_hal_pcd.c:775:19:HAL_PCD_EP_Open	24	static
../lib/hal/src/stm32f4xx_hal_pcd.c:811:19:HAL_PCD_EP_Close	24	static
../lib/hal/src/stm32f4xx_hal_pcd.c:837:19:HAL_PCD_EP_Receive	32	static
../lib/hal/src/stm32f4xx_hal_pcd.c:872:10:HAL_PCD_EP_GetRxCount	16	static
../lib/hal/src/stm32f4xx_hal_pcd.c:883:19:HAL_PCD_EP_Transmit	32	static
../lib/hal/src/stm32f4xx_hal_pcd.c:919:19:HAL_PCD_EP_SetStall	24	static
../lib/hal/src/stm32f4xx_hal_pcd.c:949:19:HAL_PCD_EP_ClrStall	24	static
../lib/hal/src/stm32f4xx_hal_pcd.c:975:19:HAL_PCD_EP_Flush	16	static
../lib/hal/src/stm32f4xx_hal_pcd.c:994:19:HAL_PCD_ActivateRemoteWakeup	24	static
../lib/hal/src/stm32f4xx_hal_pcd.c:1009:19:HAL_PCD_DeActivateRemoteWakeup	24	static
../lib/hal/src/stm32f4xx_hal_pcd.c:1040:18:HAL_PCD_GetState	16	static
../lib/hal/src/stm32f4xx_hal_pcd.c:1063:26:PCD_WriteEmptyTxFifo	48	static
