../lib/hal/src/stm32f4xx_ll_fsmc.c:146:19:FSMC_NORSRAM_Init	24	static
../lib/hal/src/stm32f4xx_ll_fsmc.c:210:19:FSMC_NORSRAM_DeInit	24	static
../lib/hal/src/stm32f4xx_ll_fsmc.c:243:19:FSMC_NORSRAM_Timing_Init	32	static
../lib/hal/src/stm32f4xx_ll_fsmc.c:292:19:FSMC_NORSRAM_Extended_Timing_Init	32	static
../lib/hal/src/stm32f4xx_ll_fsmc.c:364:19:FSMC_NORSRAM_WriteOperation_Enable	16	static
../lib/hal/src/stm32f4xx_ll_fsmc.c:378:19:FSMC_NORSRAM_WriteOperation_Disable	16	static
../lib/hal/src/stm32f4xx_ll_fsmc.c:442:19:FSMC_NAND_Init	24	static
../lib/hal/src/stm32f4xx_ll_fsmc.c:499:19:FSMC_NAND_CommonSpace_Timing_Init	32	static
../lib/hal/src/stm32f4xx_ll_fsmc.c:549:19:FSMC_NAND_AttributeSpace_Timing_Init	32	static
../lib/hal/src/stm32f4xx_ll_fsmc.c:598:19:FSMC_NAND_DeInit	16	static
../lib/hal/src/stm32f4xx_ll_fsmc.c:646:19:FSMC_NAND_ECC_Enable	16	static
../lib/hal/src/stm32f4xx_ll_fsmc.c:663:19:FSMC_NAND_ECC_Disable	16	static
../lib/hal/src/stm32f4xx_ll_fsmc.c:683:19:FSMC_NAND_GetECC	32	static
../lib/hal/src/stm32f4xx_ll_fsmc.c:771:19:FSMC_PCCARD_Init	24	static
../lib/hal/src/stm32f4xx_ll_fsmc.c:806:19:FSMC_PCCARD_CommonSpace_Timing_Init	24	static
../lib/hal/src/stm32f4xx_ll_fsmc.c:843:19:FSMC_PCCARD_AttributeSpace_Timing_Init	24	static
../lib/hal/src/stm32f4xx_ll_fsmc.c:880:19:FSMC_PCCARD_IOSpace_Timing_Init	24	static
../lib/hal/src/stm32f4xx_ll_fsmc.c:916:19:FSMC_PCCARD_DeInit	16	static
