../lib/hal/src/stm32f4xx_hal_smartcard.c:239:19:HAL_SMARTCARD_Init	16	static
../lib/hal/src/stm32f4xx_hal_smartcard.c:302:19:HAL_SMARTCARD_DeInit	16	static
../lib/hal/src/stm32f4xx_hal_smartcard.c:334:13:HAL_SMARTCARD_MspInit	16	static
../lib/hal/src/stm32f4xx_hal_smartcard.c:346:13:HAL_SMARTCARD_MspDeInit	16	static
../lib/hal/src/stm32f4xx_hal_smartcard.c:415:19:HAL_SMARTCARD_Transmit	32	static
../lib/hal/src/stm32f4xx_hal_smartcard.c:480:19:HAL_SMARTCARD_Receive	32	static
../lib/hal/src/stm32f4xx_hal_smartcard.c:543:19:HAL_SMARTCARD_Transmit_IT	32	static
../lib/hal/src/stm32f4xx_hal_smartcard.c:595:19:HAL_SMARTCARD_Receive_IT	32	static
../lib/hal/src/stm32f4xx_hal_smartcard.c:646:19:HAL_SMARTCARD_Transmit_DMA	32	static
../lib/hal/src/stm32f4xx_hal_smartcard.c:709:19:HAL_SMARTCARD_Receive_DMA	32	static
../lib/hal/src/stm32f4xx_hal_smartcard.c:765:6:HAL_SMARTCARD_IRQHandler	40	static
../lib/hal/src/stm32f4xx_hal_smartcard.c:830:13:HAL_SMARTCARD_TxCpltCallback	16	static
../lib/hal/src/stm32f4xx_hal_smartcard.c:842:13:HAL_SMARTCARD_RxCpltCallback	16	static
../lib/hal/src/stm32f4xx_hal_smartcard.c:854:13:HAL_SMARTCARD_ErrorCallback	16	static
../lib/hal/src/stm32f4xx_hal_smartcard.c:885:28:HAL_SMARTCARD_GetState	16	static
../lib/hal/src/stm32f4xx_hal_smartcard.c:895:10:HAL_SMARTCARD_GetError	16	static
../lib/hal/src/stm32f4xx_hal_smartcard.c:909:13:SMARTCARD_DMATransmitCplt	24	static
../lib/hal/src/stm32f4xx_hal_smartcard.c:929:13:SMARTCARD_DMAReceiveCplt	24	static
../lib/hal/src/stm32f4xx_hal_smartcard.c:955:13:SMARTCARD_DMAError	24	static
../lib/hal/src/stm32f4xx_hal_smartcard.c:975:26:SMARTCARD_WaitOnFlagUntilTimeout	32	static
../lib/hal/src/stm32f4xx_hal_smartcard.c:1030:26:SMARTCARD_Transmit_IT	24	static
../lib/hal/src/stm32f4xx_hal_smartcard.c:1061:26:SMARTCARD_EndTransmit_IT	16	static
../lib/hal/src/stm32f4xx_hal_smartcard.c:1087:26:SMARTCARD_Receive_IT	24	static
../lib/hal/src/stm32f4xx_hal_smartcard.c:1130:13:SMARTCARD_SetConfig	32	static
