../lib/hal/src/stm32f4xx_hal_dac.c:230:19:HAL_DAC_Init	16	static
../lib/hal/src/stm32f4xx_hal_dac.c:264:19:HAL_DAC_DeInit	16	static
../lib/hal/src/stm32f4xx_hal_dac.c:298:13:HAL_DAC_MspInit	16	static
../lib/hal/src/stm32f4xx_hal_dac.c:310:13:HAL_DAC_MspDeInit	16	static
../lib/hal/src/stm32f4xx_hal_dac.c:348:19:HAL_DAC_Start	24	static
../lib/hal/src/stm32f4xx_hal_dac.c:401:19:HAL_DAC_Stop	16	static
../lib/hal/src/stm32f4xx_hal_dac.c:432:19:HAL_DAC_Start_DMA	32	static
../lib/hal/src/stm32f4xx_hal_dac.c:543:19:HAL_DAC_Stop_DMA	24	static
../lib/hal/src/stm32f4xx_hal_dac.c:587:10:HAL_DAC_GetValue	16	static
../lib/hal/src/stm32f4xx_hal_dac.c:605:6:HAL_DAC_IRQHandler	16	static
../lib/hal/src/stm32f4xx_hal_dac.c:648:13:HAL_DAC_ConvCpltCallbackCh1	16	static
../lib/hal/src/stm32f4xx_hal_dac.c:660:13:HAL_DAC_ConvHalfCpltCallbackCh1	16	static
../lib/hal/src/stm32f4xx_hal_dac.c:672:13:HAL_DAC_ErrorCallbackCh1	16	static
../lib/hal/src/stm32f4xx_hal_dac.c:684:13:HAL_DAC_DMAUnderrunCallbackCh1	16	static
../lib/hal/src/stm32f4xx_hal_dac.c:720:19:HAL_DAC_ConfigChannel	32	static
../lib/hal/src/stm32f4xx_hal_dac.c:777:19:HAL_DAC_SetValue	32	static
../lib/hal/src/stm32f4xx_hal_dac.c:826:22:HAL_DAC_GetState	16	static
../lib/hal/src/stm32f4xx_hal_dac.c:837:10:HAL_DAC_GetError	16	static
../lib/hal/src/stm32f4xx_hal_dac.c:851:13:DAC_DMAConvCpltCh1	24	static
../lib/hal/src/stm32f4xx_hal_dac.c:866:13:DAC_DMAHalfConvCpltCh1	24	static
../lib/hal/src/stm32f4xx_hal_dac.c:879:13:DAC_DMAErrorCh1	24	static
