../lib/hal/src/stm32f4xx_hal_i2s.c:206:26:HAL_I2S_Init	40	static
../lib/hal/src/stm32f4xx_hal_i2s.c:326:19:HAL_I2S_DeInit	16	static
../lib/hal/src/stm32f4xx_hal_i2s.c:352:13:HAL_I2S_MspInit	16	static
../lib/hal/src/stm32f4xx_hal_i2s.c:364:13:HAL_I2S_MspDeInit	16	static
../lib/hal/src/stm32f4xx_hal_i2s.c:430:19:HAL_I2S_Transmit	32	static
../lib/hal/src/stm32f4xx_hal_i2s.c:504:19:HAL_I2S_Receive	40	static
../lib/hal/src/stm32f4xx_hal_i2s.c:578:19:HAL_I2S_Transmit_IT	32	static
../lib/hal/src/stm32f4xx_hal_i2s.c:639:19:HAL_I2S_Receive_IT	32	static
../lib/hal/src/stm32f4xx_hal_i2s.c:699:19:HAL_I2S_Transmit_DMA	40	static
../lib/hal/src/stm32f4xx_hal_i2s.c:777:19:HAL_I2S_Receive_DMA	40	static
../lib/hal/src/stm32f4xx_hal_i2s.c:853:26:HAL_I2S_DMAPause	16	static
../lib/hal/src/stm32f4xx_hal_i2s.c:886:26:HAL_I2S_DMAResume	16	static
../lib/hal/src/stm32f4xx_hal_i2s.c:925:26:HAL_I2S_DMAStop	16	static
../lib/hal/src/stm32f4xx_hal_i2s.c:959:13:HAL_I2S_IRQHandler	32	static
../lib/hal/src/stm32f4xx_hal_i2s.c:1010:13:HAL_I2S_TxHalfCpltCallback	16	static
../lib/hal/src/stm32f4xx_hal_i2s.c:1022:13:HAL_I2S_TxCpltCallback	16	static
../lib/hal/src/stm32f4xx_hal_i2s.c:1034:13:HAL_I2S_RxHalfCpltCallback	16	static
../lib/hal/src/stm32f4xx_hal_i2s.c:1046:13:HAL_I2S_RxCpltCallback	16	static
../lib/hal/src/stm32f4xx_hal_i2s.c:1058:13:HAL_I2S_ErrorCallback	16	static
../lib/hal/src/stm32f4xx_hal_i2s.c:1088:22:HAL_I2S_GetState	16	static
../lib/hal/src/stm32f4xx_hal_i2s.c:1098:10:HAL_I2S_GetError	16	static
../lib/hal/src/stm32f4xx_hal_i2s.c:1111:6:I2S_DMATxHalfCplt	24	static
../lib/hal/src/stm32f4xx_hal_i2s.c:1124:6:I2S_DMARxHalfCplt	24	static
../lib/hal/src/stm32f4xx_hal_i2s.c:1137:6:I2S_DMAError	24	static
../lib/hal/src/stm32f4xx_hal_i2s.c:1156:19:I2S_Transmit_IT	16	static
../lib/hal/src/stm32f4xx_hal_i2s.c:1194:19:I2S_Receive_IT	24	static
../lib/hal/src/stm32f4xx_hal_i2s.c:1241:19:I2S_WaitFlagStateUntilTimeout	32	static
