../lib/hal/src/stm32f4xx_hal_sd.c:343:21:HAL_SD_Init	80	static
../lib/hal/src/stm32f4xx_hal_sd.c:398:19:HAL_SD_DeInit	16	static
../lib/hal/src/stm32f4xx_hal_sd.c:414:13:HAL_SD_MspInit	16	static
../lib/hal/src/stm32f4xx_hal_sd.c:425:13:HAL_SD_MspDeInit	16	static
../lib/hal/src/stm32f4xx_hal_sd.c:461:21:HAL_SD_ReadBlocks	88	static
../lib/hal/src/stm32f4xx_hal_sd.c:635:21:HAL_SD_WriteBlocks	96	static
../lib/hal/src/stm32f4xx_hal_sd.c:845:21:HAL_SD_ReadBlocks_DMA	80	static
../lib/hal/src/stm32f4xx_hal_sd.c:961:21:HAL_SD_WriteBlocks_DMA	80	static
../lib/hal/src/stm32f4xx_hal_sd.c:1076:21:HAL_SD_CheckReadOperation	40	static
../lib/hal/src/stm32f4xx_hal_sd.c:1131:21:HAL_SD_CheckWriteOperation	40	static
../lib/hal/src/stm32f4xx_hal_sd.c:1188:21:HAL_SD_Erase	64	static
../lib/hal/src/stm32f4xx_hal_sd.c:1286:6:HAL_SD_IRQHandler	16	static
../lib/hal/src/stm32f4xx_hal_sd.c:1355:13:HAL_SD_XferCpltCallback	16	static
../lib/hal/src/stm32f4xx_hal_sd.c:1366:13:HAL_SD_XferErrorCallback	16	static
../lib/hal/src/stm32f4xx_hal_sd.c:1378:13:HAL_SD_DMA_RxCpltCallback	16	static
../lib/hal/src/stm32f4xx_hal_sd.c:1390:13:HAL_SD_DMA_RxErrorCallback	16	static
../lib/hal/src/stm32f4xx_hal_sd.c:1402:13:HAL_SD_DMA_TxCpltCallback	16	static
../lib/hal/src/stm32f4xx_hal_sd.c:1414:13:HAL_SD_DMA_TxErrorCallback	16	static
../lib/hal/src/stm32f4xx_hal_sd.c:1446:21:HAL_SD_Get_CardInfo	80	static
../lib/hal/src/stm32f4xx_hal_sd.c:1660:21:HAL_SD_WideBusOperation_Config	72	static
../lib/hal/src/stm32f4xx_hal_sd.c:1704:21:HAL_SD_StopTransfer	40	static
../lib/hal/src/stm32f4xx_hal_sd.c:1730:21:HAL_SD_HighSpeed	160	static
../lib/hal/src/stm32f4xx_hal_sd.c:1883:21:HAL_SD_SendSDStatus	80	static
../lib/hal/src/stm32f4xx_hal_sd.c:2012:29:HAL_SD_GetStatus	24	static
../lib/hal/src/stm32f4xx_hal_sd.c:2035:21:HAL_SD_GetCardStatus	88	static
../lib/hal/src/stm32f4xx_hal_sd.c:2129:13:SD_DMA_RxCplt	24	static
../lib/hal/src/stm32f4xx_hal_sd.c:2153:13:SD_DMA_RxError	24	static
../lib/hal/src/stm32f4xx_hal_sd.c:2167:13:SD_DMA_TxCplt	24	static
../lib/hal/src/stm32f4xx_hal_sd.c:2191:13:SD_DMA_TxError	24	static
../lib/hal/src/stm32f4xx_hal_sd.c:2204:32:SD_GetState	24	static
../lib/hal/src/stm32f4xx_hal_sd.c:2220:28:SD_Initialize_Cards	48	static
../lib/hal/src/stm32f4xx_hal_sd.c:2307:28:SD_Select_Deselect	48	static
../lib/hal/src/stm32f4xx_hal_sd.c:2333:28:SD_PowerON	56	static
../lib/hal/src/stm32f4xx_hal_sd.c:2466:28:SD_PowerOFF	24	static
../lib/hal/src/stm32f4xx_hal_sd.c:2482:28:SD_SendStatus	40	static
../lib/hal/src/stm32f4xx_hal_sd.c:2519:28:SD_CmdError	32	static
../lib/hal/src/stm32f4xx_hal_sd.c:2548:28:SD_CmdResp7Error	32	static
../lib/hal/src/stm32f4xx_hal_sd.c:2590:28:SD_CmdResp1Error	24	static
../lib/hal/src/stm32f4xx_hal_sd.c:2718:28:SD_CmdResp3Error	24	static
../lib/hal/src/stm32f4xx_hal_sd.c:2744:28:SD_CmdResp2Error	24	static
../lib/hal/src/stm32f4xx_hal_sd.c:2781:28:SD_CmdResp6Error	32	static
../lib/hal/src/stm32f4xx_hal_sd.c:2848:28:SD_WideBus_Enable	48	static
../lib/hal/src/stm32f4xx_hal_sd.c:2909:28:SD_WideBus_Disable	48	static
../lib/hal/src/stm32f4xx_hal_sd.c:2971:28:SD_FindSCR	88	static
../lib/hal/src/stm32f4xx_hal_sd.c:3093:28:SD_IsCardProgramming	48	static
