../lib/hal/src/stm32f4xx_hal_adc_ex.c:177:19:HAL_ADCEx_InjectedStart	32	static
../lib/hal/src/stm32f4xx_hal_adc_ex.c:238:19:HAL_ADCEx_InjectedStart_IT	32	static
../lib/hal/src/stm32f4xx_hal_adc_ex.c:310:19:HAL_ADCEx_InjectedStop	16	static
../lib/hal/src/stm32f4xx_hal_adc_ex.c:328:19:HAL_ADCEx_InjectedPollForConversion	24	static
../lib/hal/src/stm32f4xx_hal_adc_ex.c:370:19:HAL_ADCEx_InjectedStop_IT	16	static
../lib/hal/src/stm32f4xx_hal_adc_ex.c:399:10:HAL_ADCEx_InjectedGetValue	24	static
../lib/hal/src/stm32f4xx_hal_adc_ex.c:444:19:HAL_ADCEx_MultiModeStart_DMA	32	static
../lib/hal/src/stm32f4xx_hal_adc_ex.c:516:19:HAL_ADCEx_MultiModeStop_DMA	16	static
../lib/hal/src/stm32f4xx_hal_adc_ex.c:549:10:HAL_ADCEx_MultiModeGetValue	16	static
../lib/hal/src/stm32f4xx_hal_adc_ex.c:560:13:HAL_ADCEx_InjectedConvCpltCallback	16	static
../lib/hal/src/stm32f4xx_hal_adc_ex.c:574:19:HAL_ADCEx_InjectedConfigChannel	16	static
../lib/hal/src/stm32f4xx_hal_adc_ex.c:717:19:HAL_ADCEx_MultiModeConfigChannel	16	static
../lib/hal/src/stm32f4xx_hal_adc_ex.c:756:13:ADC_MultiModeDMAConvCplt	24	static
../lib/hal/src/stm32f4xx_hal_adc_ex.c:778:13:ADC_MultiModeDMAHalfConvCplt	24	static
../lib/hal/src/stm32f4xx_hal_adc_ex.c:791:13:ADC_MultiModeDMAError	24	static
