../lib/hal/src/stm32f4xx_hal_tim_ex.c:160:19:HAL_TIMEx_HallSensor_Init	48	static
../lib/hal/src/stm32f4xx_hal_tim_ex.c:233:19:HAL_TIMEx_HallSensor_DeInit	16	static
../lib/hal/src/stm32f4xx_hal_tim_ex.c:260:13:HAL_TIMEx_HallSensor_MspInit	16	static
../lib/hal/src/stm32f4xx_hal_tim_ex.c:272:13:HAL_TIMEx_HallSensor_MspDeInit	16	static
../lib/hal/src/stm32f4xx_hal_tim_ex.c:284:19:HAL_TIMEx_HallSensor_Start	16	static
../lib/hal/src/stm32f4xx_hal_tim_ex.c:305:19:HAL_TIMEx_HallSensor_Stop	16	static
../lib/hal/src/stm32f4xx_hal_tim_ex.c:326:19:HAL_TIMEx_HallSensor_Start_IT	16	static
../lib/hal/src/stm32f4xx_hal_tim_ex.c:350:19:HAL_TIMEx_HallSensor_Stop_IT	16	static
../lib/hal/src/stm32f4xx_hal_tim_ex.c:376:19:HAL_TIMEx_HallSensor_Start_DMA	24	static
../lib/hal/src/stm32f4xx_hal_tim_ex.c:419:19:HAL_TIMEx_HallSensor_Stop_DMA	16	static
../lib/hal/src/stm32f4xx_hal_tim_ex.c:473:19:HAL_TIMEx_OCN_Start	16	static
../lib/hal/src/stm32f4xx_hal_tim_ex.c:503:19:HAL_TIMEx_OCN_Stop	16	static
../lib/hal/src/stm32f4xx_hal_tim_ex.c:533:19:HAL_TIMEx_OCN_Start_IT	16	static
../lib/hal/src/stm32f4xx_hal_tim_ex.c:596:19:HAL_TIMEx_OCN_Stop_IT	16	static
../lib/hal/src/stm32f4xx_hal_tim_ex.c:664:19:HAL_TIMEx_OCN_Start_DMA	24	static
../lib/hal/src/stm32f4xx_hal_tim_ex.c:773:19:HAL_TIMEx_OCN_Stop_DMA	16	static
../lib/hal/src/stm32f4xx_hal_tim_ex.c:868:19:HAL_TIMEx_PWMN_Start	16	static
../lib/hal/src/stm32f4xx_hal_tim_ex.c:898:19:HAL_TIMEx_PWMN_Stop	16	static
../lib/hal/src/stm32f4xx_hal_tim_ex.c:928:19:HAL_TIMEx_PWMN_Start_IT	16	static
../lib/hal/src/stm32f4xx_hal_tim_ex.c:991:19:HAL_TIMEx_PWMN_Stop_IT	16	static
../lib/hal/src/stm32f4xx_hal_tim_ex.c:1059:19:HAL_TIMEx_PWMN_Start_DMA	24	static
../lib/hal/src/stm32f4xx_hal_tim_ex.c:1168:19:HAL_TIMEx_PWMN_Stop_DMA	16	static
../lib/hal/src/stm32f4xx_hal_tim_ex.c:1251:19:HAL_TIMEx_OnePulseN_Start	16	static
../lib/hal/src/stm32f4xx_hal_tim_ex.c:1277:19:HAL_TIMEx_OnePulseN_Stop	16	static
../lib/hal/src/stm32f4xx_hal_tim_ex.c:1307:19:HAL_TIMEx_OnePulseN_Start_IT	16	static
../lib/hal/src/stm32f4xx_hal_tim_ex.c:1339:19:HAL_TIMEx_OnePulseN_Stop_IT	16	static
../lib/hal/src/stm32f4xx_hal_tim_ex.c:1408:19:HAL_TIMEx_ConfigCommutationEvent	24	static
../lib/hal/src/stm32f4xx_hal_tim_ex.c:1457:19:HAL_TIMEx_ConfigCommutationEvent_IT	24	static
../lib/hal/src/stm32f4xx_hal_tim_ex.c:1510:19:HAL_TIMEx_ConfigCommutationEvent_DMA	24	static
../lib/hal/src/stm32f4xx_hal_tim_ex.c:1555:19:HAL_TIMEx_MasterConfigSynchronization	16	static
../lib/hal/src/stm32f4xx_hal_tim_ex.c:1592:19:HAL_TIMEx_ConfigBreakDeadTime	16	static
../lib/hal/src/stm32f4xx_hal_tim_ex.c:1645:19:HAL_TIMEx_RemapConfig	16	static
../lib/hal/src/stm32f4xx_hal_tim_ex.c:1687:13:HAL_TIMEx_CommutationCallback	16	static
../lib/hal/src/stm32f4xx_hal_tim_ex.c:1699:13:HAL_TIMEx_BreakCallback	16	static
../lib/hal/src/stm32f4xx_hal_tim_ex.c:1729:22:HAL_TIMEx_HallSensor_GetState	16	static
../lib/hal/src/stm32f4xx_hal_tim_ex.c:1743:6:TIMEx_DMACommutationCplt	24	static
../lib/hal/src/stm32f4xx_hal_tim_ex.c:1767:13:TIM_CCxNChannelCmd	32	static
