../lib/hal/src/stm32f4xx_hal_nor.c:170:19:HAL_NOR_Init	24	static
../lib/hal/src/stm32f4xx_hal_nor.c:209:19:HAL_NOR_DeInit	16	static
../lib/hal/src/stm32f4xx_hal_nor.c:231:13:HAL_NOR_MspInit	16	static
../lib/hal/src/stm32f4xx_hal_nor.c:243:13:HAL_NOR_MspDeInit	16	static
../lib/hal/src/stm32f4xx_hal_nor.c:256:13:HAL_NOR_MspWait	16	static
../lib/hal/src/stm32f4xx_hal_nor.c:286:19:HAL_NOR_Read_ID	24	static
../lib/hal/src/stm32f4xx_hal_nor.c:348:19:HAL_NOR_ReturnToReadMode	24	static
../lib/hal/src/stm32f4xx_hal_nor.c:389:19:HAL_NOR_Read	32	static
../lib/hal/src/stm32f4xx_hal_nor.c:444:19:HAL_NOR_Program	32	static
../lib/hal/src/stm32f4xx_hal_nor.c:503:19:HAL_NOR_ReadBuffer	32	static
../lib/hal/src/stm32f4xx_hal_nor.c:564:19:HAL_NOR_ProgramBuffer	40	static
../lib/hal/src/stm32f4xx_hal_nor.c:642:19:HAL_NOR_Erase_Block	32	static
../lib/hal/src/stm32f4xx_hal_nor.c:703:19:HAL_NOR_Erase_Chip	24	static
../lib/hal/src/stm32f4xx_hal_nor.c:764:19:HAL_NOR_Read_CFI	24	static
../lib/hal/src/stm32f4xx_hal_nor.c:839:19:HAL_NOR_WriteOperation_Enable	16	static
../lib/hal/src/stm32f4xx_hal_nor.c:860:19:HAL_NOR_WriteOperation_Disable	16	static
../lib/hal/src/stm32f4xx_hal_nor.c:903:22:HAL_NOR_GetState	16	static
../lib/hal/src/stm32f4xx_hal_nor.c:915:23:HAL_NOR_GetStatus	40	static
