../lib/hal/src/stm32f4xx_hal_uart.c:241:19:HAL_UART_Init	16	static
../lib/hal/src/stm32f4xx_hal_uart.c:297:19:HAL_HalfDuplex_Init	16	static
../lib/hal/src/stm32f4xx_hal_uart.c:353:19:HAL_LIN_Init	16	static
../lib/hal/src/stm32f4xx_hal_uart.c:417:19:HAL_MultiProcessor_Init	24	static
../lib/hal/src/stm32f4xx_hal_uart.c:478:19:HAL_UART_DeInit	16	static
../lib/hal/src/stm32f4xx_hal_uart.c:507:13:HAL_UART_MspInit	16	static
../lib/hal/src/stm32f4xx_hal_uart.c:519:13:HAL_UART_MspDeInit	16	static
../lib/hal/src/stm32f4xx_hal_uart.c:590:19:HAL_UART_Transmit	32	static
../lib/hal/src/stm32f4xx_hal_uart.c:667:19:HAL_UART_Receive	32	static
../lib/hal/src/stm32f4xx_hal_uart.c:748:19:HAL_UART_Transmit_IT	32	static
../lib/hal/src/stm32f4xx_hal_uart.c:799:19:HAL_UART_Receive_IT	32	static
../lib/hal/src/stm32f4xx_hal_uart.c:850:19:HAL_UART_Transmit_DMA	32	static
../lib/hal/src/stm32f4xx_hal_uart.c:915:19:HAL_UART_Receive_DMA	32	static
../lib/hal/src/stm32f4xx_hal_uart.c:973:19:HAL_UART_DMAPause	16	static
../lib/hal/src/stm32f4xx_hal_uart.c:1001:19:HAL_UART_DMAResume	24	static
../lib/hal/src/stm32f4xx_hal_uart.c:1033:19:HAL_UART_DMAStop	16	static
../lib/hal/src/stm32f4xx_hal_uart.c:1064:6:HAL_UART_IRQHandler	40	static
../lib/hal/src/stm32f4xx_hal_uart.c:1138:13:HAL_UART_TxCpltCallback	16	static
../lib/hal/src/stm32f4xx_hal_uart.c:1150:13:HAL_UART_TxHalfCpltCallback	16	static
../lib/hal/src/stm32f4xx_hal_uart.c:1162:13:HAL_UART_RxCpltCallback	16	static
../lib/hal/src/stm32f4xx_hal_uart.c:1174:13:HAL_UART_RxHalfCpltCallback	16	static
../lib/hal/src/stm32f4xx_hal_uart.c:1186:13:HAL_UART_ErrorCallback	16	static
../lib/hal/src/stm32f4xx_hal_uart.c:1219:19:HAL_LIN_SendBreak	16	static
../lib/hal/src/stm32f4xx_hal_uart.c:1245:19:HAL_MultiProcessor_EnterMuteMode	16	static
../lib/hal/src/stm32f4xx_hal_uart.c:1271:19:HAL_MultiProcessor_ExitMuteMode	16	static
../lib/hal/src/stm32f4xx_hal_uart.c:1297:19:HAL_HalfDuplex_EnableTransmitter	24	static
../lib/hal/src/stm32f4xx_hal_uart.c:1331:19:HAL_HalfDuplex_EnableReceiver	24	static
../lib/hal/src/stm32f4xx_hal_uart.c:1387:23:HAL_UART_GetState	16	static
../lib/hal/src/stm32f4xx_hal_uart.c:1397:10:HAL_UART_GetError	16	static
../lib/hal/src/stm32f4xx_hal_uart.c:1410:13:UART_DMATransmitCplt	24	static
../lib/hal/src/stm32f4xx_hal_uart.c:1436:13:UART_DMATxHalfCplt	24	static
../lib/hal/src/stm32f4xx_hal_uart.c:1448:13:UART_DMAReceiveCplt	24	static
../lib/hal/src/stm32f4xx_hal_uart.c:1475:13:UART_DMARxHalfCplt	24	static
../lib/hal/src/stm32f4xx_hal_uart.c:1487:13:UART_DMAError	24	static
../lib/hal/src/stm32f4xx_hal_uart.c:1506:26:UART_WaitOnFlagUntilTimeout	32	static
../lib/hal/src/stm32f4xx_hal_uart.c:1564:26:UART_Transmit_IT	24	static
../lib/hal/src/stm32f4xx_hal_uart.c:1603:26:UART_EndTransmit_IT	16	static
../lib/hal/src/stm32f4xx_hal_uart.c:1631:26:UART_Receive_IT	24	static
../lib/hal/src/stm32f4xx_hal_uart.c:1688:13:UART_SetConfig	32	static
