../Core/Src/main.c:95:5:main	128	static
../Core/Src/main.c:183:6:SystemClock_Config	88	static
../Core/Src/main.c:229:13:MX_I2C1_Init	8	static
../Core/Src/main.c:263:13:MX_I2S3_Init	8	static
../Core/Src/main.c:297:13:MX_SPI1_Init	8	static
../Core/Src/main.c:335:13:MX_SPI2_Init	8	static
../Core/Src/main.c:373:13:MX_GPIO_Init	56	static
../Core/Src/main.c:481:6:Idle_App	16	static
../Core/Src/main.c:501:6:SPI_Tx_App	16	static
../Core/Src/main.c:531:6:SPI_Rx_App	16	static
../Core/Src/main.c:549:6:Camera_App	16	static
../Core/Src/main.c:568:6:HAL_TIM_PeriodElapsedCallback	16	static
../Core/Src/main.c:585:6:Error_Handler	4	static,ignoring_inline_asm
