../Core/Src/nrf24l01.c:24:6:selectCS	8	static
../Core/Src/nrf24l01.c:31:6:unselectCS	8	static
../Core/Src/nrf24l01.c:38:6:enableCE	8	static
../Core/Src/nrf24l01.c:45:6:disableCE	8	static
../Core/Src/nrf24l01.c:55:6:nrf24_WriteReg	24	static
../Core/Src/nrf24l01.c:73:6:nrf24_WriteRegMulti	24	static
../Core/Src/nrf24l01.c:92:9:nrf24_ReadReg	24	static
../Core/Src/nrf24l01.c:108:6:nrf24_ReadRegMulti	16	static
../Core/Src/nrf24l01.c:121:6:nrfsendcmd	16	static
../Core/Src/nrf24l01.c:130:6:nrf24_Init	8	static
../Core/Src/nrf24l01.c:148:6:nrf24_TxMode	24	static
../Core/Src/nrf24l01.c:166:9:nrf24_Transmit	24	static
../Core/Src/nrf24l01.c:199:6:nrf24_RxMode	24	static
../Core/Src/nrf24l01.c:222:9:isDataAvailable	24	static
../Core/Src/nrf24l01.c:238:6:nrf24_Receive	24	static
