../Core/Src/main.c:95:5:main	128	static
../Core/Src/main.c:183:6:SystemClock_Config	72	static
../Core/Src/main.c:222:13:MX_SPI1_Init	8	static
../Core/Src/main.c:260:13:MX_USART2_UART_Init	8	static
../Core/Src/main.c:293:13:MX_GPIO_Init	40	static
../Core/Src/main.c:362:6:Idle_App	16	static
../Core/Src/main.c:380:6:SPI_App	16	static
../Core/Src/main.c:403:6:UART_App	16	static
../Core/Src/main.c:425:6:Valve_App	16	static
../Core/Src/main.c:447:6:HAL_TIM_PeriodElapsedCallback	16	static
../Core/Src/main.c:464:6:Error_Handler	4	static,ignoring_inline_asm
