../Core/Src/nrf24l01.c:23:6:selectCS	8	static
../Core/Src/nrf24l01.c:30:6:unselectCS	8	static
../Core/Src/nrf24l01.c:37:6:enableCE	8	static
../Core/Src/nrf24l01.c:44:6:disableCE	8	static
../Core/Src/nrf24l01.c:54:6:nrf24_WriteReg	24	static
../Core/Src/nrf24l01.c:72:6:nrf24_WriteRegMulti	24	static
../Core/Src/nrf24l01.c:91:9:nrf24_ReadReg	24	static
../Core/Src/nrf24l01.c:107:6:nrf24_ReadRegMulti	16	static
../Core/Src/nrf24l01.c:120:6:nrfsendcmd	16	static
../Core/Src/nrf24l01.c:129:6:nrf24_Init	8	static
../Core/Src/nrf24l01.c:147:6:nrf24_TxMode	24	static
../Core/Src/nrf24l01.c:165:9:nrf24_Transmit	24	static
../Core/Src/nrf24l01.c:198:6:nrf24_RxMode	24	static
../Core/Src/nrf24l01.c:221:9:isDataAvailable	24	static
../Core/Src/nrf24l01.c:237:6:nrf24_Receive	24	static
