../lib/bsp/LCD/lcd_display_form_and_text.c:27:6:LCD_SetFont	16	static
../lib/bsp/LCD/lcd_display_form_and_text.c:36:8:LCD_GetFont	4	static
../lib/bsp/LCD/lcd_display_form_and_text.c:48:6:LCD_ClearLine	32	static
../lib/bsp/LCD/lcd_display_form_and_text.c:64:6:LCD_Clear	24	static
../lib/bsp/LCD/lcd_display_form_and_text.c:82:6:LCD_PutPixel	24	static
../lib/bsp/LCD/lcd_display_form_and_text.c:100:6:LCD_DrawChar	40	static
../lib/bsp/LCD/lcd_display_form_and_text.c:137:6:LCD_DisplayChar	32	static
../lib/bsp/LCD/lcd_display_form_and_text.c:157:6:LCD_DisplayStringLine	40	static
../lib/bsp/LCD/lcd_display_form_and_text.c:191:6:LCD_DrawLine	32	static
../lib/bsp/LCD/lcd_display_form_and_text.c:220:6:LCD_DrawRect	32	static
../lib/bsp/LCD/lcd_display_form_and_text.c:239:6:LCD_DrawCircle	40	static
../lib/bsp/LCD/lcd_display_form_and_text.c:300:8:LCD_DrawTriangle	32	static
../lib/bsp/LCD/lcd_display_form_and_text.c:323:6:LCD_WriteBMP	16	static
../lib/bsp/LCD/lcd_display_form_and_text.c:401:6:LCD_WritePicture	32	static
../lib/bsp/LCD/lcd_display_form_and_text.c:444:11:Capture_Image_To_BMP	672	static
../lib/bsp/LCD/lcd_display_form_and_text.c:470:10:get_BMP_size	16	static
../lib/bsp/LCD/lcd_display_form_and_text.c:479:10:get_BMP_width	16	static
../lib/bsp/LCD/lcd_display_form_and_text.c:489:10:get_BMP_height	16	static
../lib/bsp/LCD/lcd_display_form_and_text.c:499:10:get_BMP_data_offset	16	static
../lib/bsp/LCD/lcd_display_form_and_text.c:509:10:get_BMP_bytes_pixel	16	static
../lib/bsp/LCD/lcd_display_form_and_text.c:518:6:write_BMP_details	24	static
../lib/bsp/LCD/lcd_display_form_and_text.c:532:6:LCD_BMP_Resized	72	static
../lib/bsp/LCD/lcd_display_form_and_text.c:626:9:LCD_miniBMP_Split_Calculate	24	static
../lib/bsp/LCD/lcd_display_form_and_text.c:642:9:LCD_BMP_Split_Calculate	24	static
../lib/bsp/LCD/lcd_display_form_and_text.c:663:6:LCD_DrawFullRect	32	static
../lib/bsp/LCD/lcd_display_form_and_text.c:693:6:LCD_DrawFullCircle	48	static
../lib/bsp/LCD/lcd_display_form_and_text.c:740:6:LCD_DrawUniLine	56	static
