../Core/Src/main.c:106:5:main	160	static
../Core/Src/main.c:200:6:SystemClock_Config	88	static
../Core/Src/main.c:246:13:MX_ADC1_Init	24	static
../Core/Src/main.c:298:13:MX_I2C1_Init	8	static
../Core/Src/main.c:332:13:MX_I2S3_Init	8	static
../Core/Src/main.c:366:13:MX_SPI1_Init	8	static
../Core/Src/main.c:404:13:MX_SPI2_Init	8	static
../Core/Src/main.c:442:13:MX_USART2_UART_Init	8	static
../Core/Src/main.c:475:13:MX_GPIO_Init	56	static
../Core/Src/main.c:589:6:Idle_App	16	static
../Core/Src/main.c:609:6:SPI_Rx_App	16	static
../Core/Src/main.c:641:6:UART_Send_App	16	static
../Core/Src/main.c:667:6:UART_Recie_App	16	static
../Core/Src/main.c:689:6:SPI_Tx_App	16	static
../Core/Src/main.c:708:6:HAL_TIM_PeriodElapsedCallback	16	static
../Core/Src/main.c:725:6:Error_Handler	4	static,ignoring_inline_asm
