../Core/Src/main.c:110:5:main	160	static
../Core/Src/main.c:206:6:SystemClock_Config	88	static
../Core/Src/main.c:252:13:MX_ADC1_Init	24	static
../Core/Src/main.c:304:13:MX_ADC2_Init	24	static
../Core/Src/main.c:356:13:MX_I2C1_Init	8	static
../Core/Src/main.c:390:13:MX_I2S3_Init	8	static
../Core/Src/main.c:424:13:MX_SPI1_Init	8	static
../Core/Src/main.c:462:13:MX_SPI2_Init	8	static
../Core/Src/main.c:500:13:MX_USART2_UART_Init	8	static
../Core/Src/main.c:533:13:MX_GPIO_Init	56	static
../Core/Src/main.c:647:6:Idle_App	16	static
../Core/Src/main.c:667:6:SPI_Rx_App	16	static
../Core/Src/main.c:698:6:UART_Send_App	16	static
../Core/Src/main.c:725:6:UART_Recie_App	16	static
../Core/Src/main.c:743:6:SPI_Tx_App	16	static
../Core/Src/main.c:774:6:HAL_TIM_PeriodElapsedCallback	16	static
../Core/Src/main.c:791:6:Error_Handler	4	static,ignoring_inline_asm
