../lib/middleware/usb_device/Core/Src/usbd_ctlreq.c:105:20:USBD_StdDevReq	24	static
../lib/middleware/usb_device/Core/Src/usbd_ctlreq.c:154:20:USBD_StdItfReq	24	static
../lib/middleware/usb_device/Core/Src/usbd_ctlreq.c:186:20:USBD_StdEPReq	24	static
../lib/middleware/usb_device/Core/Src/usbd_ctlreq.c:295:13:USBD_GetDescriptor	24	static
../lib/middleware/usb_device/Core/Src/usbd_ctlreq.c:400:13:USBD_SetAddress	24	static
../lib/middleware/usb_device/Core/Src/usbd_ctlreq.c:431:13:USBD_SetConfig	16	static
../lib/middleware/usb_device/Core/Src/usbd_ctlreq.c:492:13:USBD_GetConfig	16	static
../lib/middleware/usb_device/Core/Src/usbd_ctlreq.c:522:13:USBD_GetStatus	16	static
../lib/middleware/usb_device/Core/Src/usbd_ctlreq.c:554:13:USBD_SetFeature	16	static
../lib/middleware/usb_device/Core/Src/usbd_ctlreq.c:571:13:USBD_ClrFeature	16	static
../lib/middleware/usb_device/Core/Src/usbd_ctlreq.c:596:6:USBD_ParseSetupRequest	16	static
../lib/middleware/usb_device/Core/Src/usbd_ctlreq.c:613:6:USBD_CtlError	16	static
../lib/middleware/usb_device/Core/Src/usbd_ctlreq.c:626:6:USBD_GetString	32	static
../lib/middleware/usb_device/Core/Src/usbd_ctlreq.c:647:16:USBD_GetLen	24	static
