../Core/Src/nrf24l01.c:12:6:selectCS	8	static
../Core/Src/nrf24l01.c:16:6:unselectCS	8	static
../Core/Src/nrf24l01.c:20:6:enableCE	8	static
../Core/Src/nrf24l01.c:24:6:disableCE	8	static
../Core/Src/nrf24l01.c:28:6:nrf24_WriteReg	24	static
../Core/Src/nrf24l01.c:38:6:nrf24_WriteRegMulti	24	static
../Core/Src/nrf24l01.c:50:9:nrf24_ReadReg	24	static
../Core/Src/nrf24l01.c:59:6:nrf24_ReadRegMulti	16	static
../Core/Src/nrf24l01.c:67:6:nrfsendcmd	16	static
../Core/Src/nrf24l01.c:73:6:nrf24_Init	8	static
../Core/Src/nrf24l01.c:85:6:nrf24_TxMode	24	static
../Core/Src/nrf24l01.c:97:9:nrf24_Transmit	24	static
../Core/Src/nrf24l01.c:126:6:nrf24_RxMode	24	static
../Core/Src/nrf24l01.c:143:9:isDataAvailable	24	static
../Core/Src/nrf24l01.c:154:6:nrf24_Receive	24	static
../Core/Src/nrf24l01.c:171:9:verifReg	16	static
