../lib/hal/inc/core_cm4.h:1529:23:NVIC_SetPriority	16	static
../lib/middleware/usb_device/Core/Src/usbd_conf.c:42:6:HAL_PCD_MspInit	48	static
../lib/middleware/usb_device/Core/Src/usbd_conf.c:88:6:HAL_PCD_MspDeInit	16	static
../lib/middleware/usb_device/Core/Src/usbd_conf.c:104:6:HAL_PCD_SetupStageCallback	16	static
../lib/middleware/usb_device/Core/Src/usbd_conf.c:113:6:HAL_PCD_DataOutStageCallback	16	static
../lib/middleware/usb_device/Core/Src/usbd_conf.c:122:6:HAL_PCD_DataInStageCallback	16	static
../lib/middleware/usb_device/Core/Src/usbd_conf.c:131:6:HAL_PCD_SOFCallback	16	static
../lib/middleware/usb_device/Core/Src/usbd_conf.c:140:6:HAL_PCD_ResetCallback	24	static
../lib/middleware/usb_device/Core/Src/usbd_conf.c:168:6:HAL_PCD_SuspendCallback	16	static
../lib/middleware/usb_device/Core/Src/usbd_conf.c:177:6:HAL_PCD_ResumeCallback	16	static
../lib/middleware/usb_device/Core/Src/usbd_conf.c:186:6:HAL_PCD_ISOOUTIncompleteCallback	16	static
../lib/middleware/usb_device/Core/Src/usbd_conf.c:195:6:HAL_PCD_ISOINIncompleteCallback	16	static
../lib/middleware/usb_device/Core/Src/usbd_conf.c:204:6:HAL_PCD_ConnectCallback	16	static
../lib/middleware/usb_device/Core/Src/usbd_conf.c:213:6:HAL_PCD_DisconnectCallback	16	static
../lib/middleware/usb_device/Core/Src/usbd_conf.c:226:20:USBD_LL_Init	16	static
../lib/middleware/usb_device/Core/Src/usbd_conf.c:260:20:USBD_LL_DeInit	16	static
../lib/middleware/usb_device/Core/Src/usbd_conf.c:271:20:USBD_LL_Start	16	static
../lib/middleware/usb_device/Core/Src/usbd_conf.c:282:20:USBD_LL_Stop	16	static
../lib/middleware/usb_device/Core/Src/usbd_conf.c:296:20:USBD_LL_OpenEP	16	static
../lib/middleware/usb_device/Core/Src/usbd_conf.c:311:20:USBD_LL_CloseEP	16	static
../lib/middleware/usb_device/Core/Src/usbd_conf.c:323:20:USBD_LL_FlushEP	16	static
../lib/middleware/usb_device/Core/Src/usbd_conf.c:335:20:USBD_LL_StallEP	16	static
../lib/middleware/usb_device/Core/Src/usbd_conf.c:347:20:USBD_LL_ClearStallEP	16	static
../lib/middleware/usb_device/Core/Src/usbd_conf.c:360:9:USBD_LL_IsStallEP	24	static
../lib/middleware/usb_device/Core/Src/usbd_conf.c:376:20:USBD_LL_SetUSBAddress	16	static
../lib/middleware/usb_device/Core/Src/usbd_conf.c:391:20:USBD_LL_Transmit	24	static
../lib/middleware/usb_device/Core/Src/usbd_conf.c:406:20:USBD_LL_PrepareReceive	24	static
../lib/middleware/usb_device/Core/Src/usbd_conf.c:420:10:USBD_LL_GetRxDataSize	16	static
../lib/middleware/usb_device/Core/Src/usbd_conf.c:430:6:USBD_LL_Delay	16	static
