../Core/Src/main.c:93:5:main	128	static
../Core/Src/main.c:181:6:SystemClock_Config	72	static
../Core/Src/main.c:220:13:MX_SPI1_Init	8	static
../Core/Src/main.c:258:13:MX_USART2_UART_Init	8	static
../Core/Src/main.c:291:13:MX_GPIO_Init	40	static
../Core/Src/main.c:360:6:Idle_App	16	static
../Core/Src/main.c:378:6:SPI_App	16	static
../Core/Src/main.c:401:6:UART_App	16	static
../Core/Src/main.c:422:6:Valve_App	16	static
../Core/Src/main.c:444:6:HAL_TIM_PeriodElapsedCallback	16	static
../Core/Src/main.c:461:6:Error_Handler	4	static,ignoring_inline_asm
