../Core/Src/main.c:91:5:main	104	static
../Core/Src/main.c:175:6:SystemClock_Config	72	static
../Core/Src/main.c:214:13:MX_SPI1_Init	8	static
../Core/Src/main.c:252:13:MX_USART2_UART_Init	8	static
../Core/Src/main.c:285:13:MX_GPIO_Init	40	static
../Core/Src/main.c:354:6:Idle_App	16	static
../Core/Src/main.c:372:6:SPI_App	16	static
../Core/Src/main.c:395:6:UART_App	16	static
../Core/Src/main.c:417:6:HAL_TIM_PeriodElapsedCallback	16	static
../Core/Src/main.c:434:6:Error_Handler	4	static,ignoring_inline_asm
