../lib/bsp/ov9655/dcmi_ov9655.c:81:6:DCMI_Control_IO_Init	24	static
../lib/bsp/ov9655/dcmi_ov9655.c:107:6:DCMI_OV9655_hardware_reset	24	static
../lib/bsp/ov9655/dcmi_ov9655.c:124:6:DCMI_OV9655_Reset	8	static
../lib/bsp/ov9655/dcmi_ov9655.c:134:6:DCMI_OV9655_QVGASizeSetup	8	static
../lib/bsp/ov9655/dcmi_ov9655.c:441:6:DCMI_OV9655_QQVGASizeSetup	8	static
../lib/bsp/ov9655/dcmi_ov9655.c:746:6:DCMI_OV9655_ReadID	16	static
../lib/bsp/ov9655/dcmi_ov9655.c:763:6:DCMI_OV9655_SetPrescaler	16	static
../lib/bsp/ov9655/dcmi_ov9655.c:778:6:DCMI_OV9655_SelectOutputFormat	16	static
../lib/bsp/ov9655/dcmi_ov9655.c:792:6:DCMI_OV9655_SelectFormatResolution	16	static
../lib/bsp/ov9655/dcmi_ov9655.c:803:6:DCMI_OV9655_SetRegister	16	static
../lib/bsp/ov9655/dcmi_ov9655.c:817:6:DCMI_OV9655_HREFControl	16	static
../lib/bsp/ov9655/dcmi_ov9655.c:831:6:DCMI_OV9655_SelectRGBOption	16	static
