../lib/hal/inc/core_cm4.h:1450:23:NVIC_EnableIRQ	16	static
../appli/demo_camera.c:67:13:Camera_init	8	static
../appli/demo_camera.c:77:6:Camera_reset	8	static
../appli/demo_camera.c:87:11:Camera_statemachine	128	static
../appli/demo_camera.c:228:9:DCMI_OV9655Config	16	static
../appli/demo_camera.c:261:6:I2C1_Config	24	static
../appli/demo_camera.c:304:6:DCMI_Config	48	static
../appli/demo_camera.c:408:6:Camera_process_10ms	4	static
../appli/demo_camera.c:419:6:DMA2_Stream1_IRQHandler	8	static
../appli/demo_camera.c:429:6:HAL_DCMI_FrameEventCallback	16	static
../appli/demo_camera.c:443:9:DCMI_SingleRandomWrite	32	static
../appli/demo_camera.c:462:9:DCMI_SingleRandomRead	40	static
../appli/demo_camera.c:479:6:HAL_DCMI_ErrorCallback	16	static
