../lib/hal/inc/core_cm4.h:1450:23:NVIC_EnableIRQ	16	static
../appli/demo_camera.c:65:13:Camera_init	8	static
../appli/demo_camera.c:75:6:Camera_reset	8	static
../appli/demo_camera.c:85:11:Camera_statemachine	56	static
../appli/demo_camera.c:203:9:DCMI_OV9655Config	16	static
../appli/demo_camera.c:236:6:I2C1_Config	24	static
../appli/demo_camera.c:279:6:DCMI_Config	48	static
../appli/demo_camera.c:383:6:Camera_process_10ms	4	static
../appli/demo_camera.c:394:6:DMA2_Stream1_IRQHandler	8	static
../appli/demo_camera.c:404:6:HAL_DCMI_FrameEventCallback	16	static
../appli/demo_camera.c:418:9:DCMI_SingleRandomWrite	32	static
../appli/demo_camera.c:437:9:DCMI_SingleRandomRead	40	static
../appli/demo_camera.c:454:6:HAL_DCMI_ErrorCallback	16	static
