09:46:43 **** Build of configuration Debug for project Freertos_Nucleo_Rx ****
make -j8 all 
arm-none-eabi-gcc -o "Freertos_Nucleo_Rx.elf" @"objects.list"   -mcpu=cortex-m3 -T"C:\Users\olivi\Documents\GitHub\Satellite\Freertos_Nucleo_Rx\STM32F103RBTX_FLASH.ld" --specs=nosys.specs -Wl,-Map="Freertos_Nucleo_Rx.map" -Wl,--gc-sections -static --specs=nano.specs -mfloat-abi=soft -mthumb -Wl,--start-group -lc -lm -Wl,--end-group
Finished building target: Freertos_Nucleo_Rx.elf
 
arm-none-eabi-size   Freertos_Nucleo_Rx.elf 
arm-none-eabi-objdump -h -S  Freertos_Nucleo_Rx.elf  > "Freertos_Nucleo_Rx.list"
   text	   data	    bss	    dec	    hex	filename
  17532	    144	   8848	  26524	   679c	Freertos_Nucleo_Rx.elf
Finished building: default.size.stdout
 
Finished building: Freertos_Nucleo_Rx.list
 

09:46:44 Build Finished. 0 errors, 0 warnings. (took 698ms)

