17:29:03 **** Incremental Build of configuration Debug for project Turbo_Sat_3000_CSB ****
make -j8 all 
arm-none-eabi-gcc "../Core/Src/file.c" -mcpu=cortex-m4 -std=gnu11 -g3 -DDEBUG -DUSE_HAL_DRIVER -DSTM32F407xx -c -I../Core/Inc -I../USB_HOST/App -I../USB_HOST/Target -I../Drivers/STM32F4xx_HAL_Driver/Inc -I../Drivers/STM32F4xx_HAL_Driver/Inc/Legacy -I../Middlewares/Third_Party/FreeRTOS/Source/include -I../Middlewares/Third_Party/FreeRTOS/Source/CMSIS_RTOS -I../Middlewares/Third_Party/FreeRTOS/Source/portable/GCC/ARM_CM4F -I../Middlewares/ST/STM32_USB_Host_Library/Core/Inc -I../Middlewares/ST/STM32_USB_Host_Library/Class/CDC/Inc -I../Drivers/CMSIS/Device/ST/STM32F4xx/Include -I../Drivers/CMSIS/Include -O0 -ffunction-sections -fdata-sections -Wall -fstack-usage -MMD -MP -MF"Core/Src/file.d" -MT"Core/Src/file.o" --specs=nano.specs -mfpu=fpv4-sp-d16 -mfloat-abi=hard -mthumb -o "Core/Src/file.o"
arm-none-eabi-gcc "../Core/Src/main.c" -mcpu=cortex-m4 -std=gnu11 -g3 -DDEBUG -DUSE_HAL_DRIVER -DSTM32F407xx -c -I../Core/Inc -I../USB_HOST/App -I../USB_HOST/Target -I../Drivers/STM32F4xx_HAL_Driver/Inc -I../Drivers/STM32F4xx_HAL_Driver/Inc/Legacy -I../Middlewares/Third_Party/FreeRTOS/Source/include -I../Middlewares/Third_Party/FreeRTOS/Source/CMSIS_RTOS -I../Middlewares/Third_Party/FreeRTOS/Source/portable/GCC/ARM_CM4F -I../Middlewares/ST/STM32_USB_Host_Library/Core/Inc -I../Middlewares/ST/STM32_USB_Host_Library/Class/CDC/Inc -I../Drivers/CMSIS/Device/ST/STM32F4xx/Include -I../Drivers/CMSIS/Include -O0 -ffunction-sections -fdata-sections -Wall -fstack-usage -MMD -MP -MF"Core/Src/main.d" -MT"Core/Src/main.o" --specs=nano.specs -mfpu=fpv4-sp-d16 -mfloat-abi=hard -mthumb -o "Core/Src/main.o"
arm-none-eabi-gcc -o "Turbo_Sat_3000_CSB.elf" @"objects.list"   -mcpu=cortex-m4 -T"C:\Users\olivi\Documents\GitHub\Satellite\Turbo_Sat_3000_CSB\STM32F407VGTX_FLASH.ld" --specs=nosys.specs -Wl,-Map="Turbo_Sat_3000_CSB.map" -Wl,--gc-sections -static --specs=nano.specs -mfpu=fpv4-sp-d16 -mfloat-abi=hard -mthumb -Wl,--start-group -lc -lm -Wl,--end-group
Finished building target: Turbo_Sat_3000_CSB.elf
 
arm-none-eabi-size   Turbo_Sat_3000_CSB.elf 
arm-none-eabi-objdump -h -S  Turbo_Sat_3000_CSB.elf  > "Turbo_Sat_3000_CSB.list"
   text	   data	    bss	    dec	    hex	filename
  53332	    204	  21476	  75012	  12504	Turbo_Sat_3000_CSB.elf
Finished building: default.size.stdout
 
Finished building: Turbo_Sat_3000_CSB.list
 
17:29:09 **** Incremental Build of configuration Debug for project Turbo_Sat_3000_CSB ****
make -j8 all 
arm-none-eabi-size   Turbo_Sat_3000_CSB.elf 
   text	   data	    bss	    dec	    hex	filename
  53332	    204	  21476	  75012	  12504	Turbo_Sat_3000_CSB.elf
Finished building: default.size.stdout
 
17:30:16 **** Incremental Build of configuration Debug for project Turbo_Sat_3000_CSB ****
make -j8 all 
arm-none-eabi-size   Turbo_Sat_3000_CSB.elf 
   text	   data	    bss	    dec	    hex	filename
  53332	    204	  21476	  75012	  12504	Turbo_Sat_3000_CSB.elf
Finished building: default.size.stdout
 
17:31:01 **** Incremental Build of configuration Debug for project Turbo_Sat_3000_CSB ****
make -j8 all 
arm-none-eabi-size   Turbo_Sat_3000_CSB.elf 
   text	   data	    bss	    dec	    hex	filename
  53332	    204	  21476	  75012	  12504	Turbo_Sat_3000_CSB.elf
Finished building: default.size.stdout
 
