11:51:44 **** Incremental Build of configuration Debug for project Turbo_Sat_CSB_Fonctionnel ****
make -j8 all 
arm-none-eabi-gcc "../Core/Src/main.c" -mcpu=cortex-m4 -std=gnu11 -g3 -DDEBUG -DUSE_HAL_DRIVER -DSTM32F407xx -c -I../USB_HOST/App -I../USB_HOST/Target -I../Core/Inc -I../Drivers/STM32F4xx_HAL_Driver/Inc -I../Drivers/STM32F4xx_HAL_Driver/Inc/Legacy -I../Middlewares/ST/STM32_USB_Host_Library/Core/Inc -I../Middlewares/ST/STM32_USB_Host_Library/Class/CDC/Inc -I../Drivers/CMSIS/Device/ST/STM32F4xx/Include -I../Drivers/CMSIS/Include -O0 -ffunction-sections -fdata-sections -Wall -fstack-usage -MMD -MP -MF"Core/Src/main.d" -MT"Core/Src/main.o" --specs=nano.specs -mfpu=fpv4-sp-d16 -mfloat-abi=hard -mthumb -o "Core/Src/main.o"
arm-none-eabi-gcc -o "Turbo_Sat_CSB_Fonctionnel.elf" @"objects.list"   -mcpu=cortex-m4 -T"C:\Users\olivi\Documents\GitHub\Satellite\Turbo_Sat_CSB_Fonctionnel\STM32F407VGTX_FLASH.ld" --specs=nosys.specs -Wl,-Map="Turbo_Sat_CSB_Fonctionnel.map" -Wl,--gc-sections -static --specs=nano.specs -mfpu=fpv4-sp-d16 -mfloat-abi=hard -mthumb -Wl,--start-group -lc -lm -Wl,--end-group
Finished building target: Turbo_Sat_CSB_Fonctionnel.elf
 
arm-none-eabi-size   Turbo_Sat_CSB_Fonctionnel.elf 
arm-none-eabi-objdump -h -S  Turbo_Sat_CSB_Fonctionnel.elf  > "Turbo_Sat_CSB_Fonctionnel.list"
   text	   data	    bss	    dec	    hex	filename
  35984	    160	   3784	  39928	   9bf8	Turbo_Sat_CSB_Fonctionnel.elf
Finished building: default.size.stdout
 
Finished building: Turbo_Sat_CSB_Fonctionnel.list
 

11:51:46 Build Finished. 0 errors, 0 warnings. (took 1s.733ms)

