../lib/bsp/stm32f4_sys.c:68:6:SYS_init	88	static
c:\st\stm32cubeide_1.10.1\stm32cubeide\plugins\com.st.stm32cube.ide.mcu.externaltools.gnu-tools-for-stm32.10.3-2021.10.win32_1.0.0.202111181127\tools\arm-none-eabi\include\sys\unistd.h:18:6:_exit	16	static
../lib/bsp/stm32f4_sys.c:164:5:_close	16	static
../lib/bsp/stm32f4_sys.c:173:5:_execve	24	static
../lib/bsp/stm32f4_sys.c:183:5:_fork	8	static
../lib/bsp/stm32f4_sys.c:195:5:_fstat	16	static
../lib/bsp/stm32f4_sys.c:205:5:_getpid	4	static
../lib/bsp/stm32f4_sys.c:214:5:_isatty	16	static
../lib/bsp/stm32f4_sys.c:232:5:_kill	16	static
../lib/bsp/stm32f4_sys.c:242:5:_link	16	static
../lib/bsp/stm32f4_sys.c:252:5:_lseek	24	static
../lib/bsp/stm32f4_sys.c:270:10:_sbrk	24	static
../lib/bsp/stm32f4_sys.c:300:7:_sbrk_r	24	static
../lib/bsp/stm32f4_sys.c:310:6:malloc_test	184	static
../lib/bsp/stm32f4_sys.c:339:6:SYS_set_std_usart	16	static
../lib/bsp/stm32f4_sys.c:351:5:_read	40	static
../lib/bsp/stm32f4_sys.c:380:5:_stat	16	static
../lib/bsp/stm32f4_sys.c:390:10:_times	16	static
../lib/bsp/stm32f4_sys.c:399:5:_unlink	16	static
../lib/bsp/stm32f4_sys.c:409:5:_wait	16	static
../lib/bsp/stm32f4_sys.c:420:5:_write	32	static
../lib/bsp/stm32f4_sys.c:444:6:assert_failed	16	static
../lib/bsp/stm32f4_sys.c:450:6:dump_trap_info	64	static,ignoring_inline_asm
../lib/bsp/stm32f4_sys.c:603:29:Fault_Handler	0	static,ignoring_inline_asm
../lib/bsp/stm32f4_sys.c:621:6:NMI_Handler	4	static
../lib/bsp/stm32f4_sys.c:624:6:SVC_Handler	8	static
../lib/bsp/stm32f4_sys.c:628:6:DebugMon_Handler	8	static
../lib/bsp/stm32f4_sys.c:632:6:PendSV_Handler	8	static
../lib/bsp/stm32f4_sys.c:657:6:Delay	24	static
