../lib/bsp/stm32f4_discovery.c:161:10:BSP_GetVersion	4	static
../lib/bsp/stm32f4_discovery.c:175:6:BSP_LED_Init	40	static
../lib/bsp/stm32f4_discovery.c:196:6:BSP_LED_On	16	static
../lib/bsp/stm32f4_discovery.c:210:6:BSP_LED_Off	16	static
../lib/bsp/stm32f4_discovery.c:224:6:BSP_LED_Toggle	16	static
../lib/bsp/stm32f4_discovery.c:247:6:BSP_PB_Init	32	static
../lib/bsp/stm32f4_discovery.c:273:10:BSP_PB_GetState	16	static
../lib/bsp/stm32f4_discovery.c:296:13:SPIx_Init	8	static
../lib/bsp/stm32f4_discovery.c:317:13:SPIx_Deinit	8	static
../lib/bsp/stm32f4_discovery.c:328:16:SPIx_WriteRead	32	static
../lib/bsp/stm32f4_discovery.c:346:13:SPIx_Error	8	static
../lib/bsp/stm32f4_discovery.c:359:13:SPIx_MspInit	24	static
../lib/bsp/stm32f4_discovery.c:379:13:I2Cx_Init	8	static
../lib/bsp/stm32f4_discovery.c:401:13:I2Cx_WriteData	40	static
../lib/bsp/stm32f4_discovery.c:420:16:I2Cx_ReadData	40	static
../lib/bsp/stm32f4_discovery.c:440:13:I2Cx_Error	16	static
../lib/bsp/stm32f4_discovery.c:453:13:I2Cx_MspInit	24	static
../lib/bsp/stm32f4_discovery.c:491:6:ACCELERO_IO_Init	24	static
../lib/bsp/stm32f4_discovery.c:506:6:ACCELERO_IO_DeInit	8	static
../lib/bsp/stm32f4_discovery.c:515:6:ACCELERO_IO_ITConfig	24	static
../lib/bsp/stm32f4_discovery.c:535:6:ACCELERO_IO_Write	16	static
../lib/bsp/stm32f4_discovery.c:568:6:ACCELERO_IO_Read	16	static
../lib/bsp/stm32f4_discovery.c:600:6:AUDIO_IO_Init	24	static
../lib/bsp/stm32f4_discovery.c:630:6:AUDIO_IO_Write	16	static
../lib/bsp/stm32f4_discovery.c:640:9:AUDIO_IO_Read	16	static
